#
# There is insufficient memory for the Java Runtime Environment to continue.
# Native memory allocation (malloc) failed to allocate 1004256 bytes for Chunk::new
# Possible reasons:
#   The system is out of physical RAM or swap space
#   The process is running with CompressedOops enabled, and the Java Heap may be blocking the growth of the native heap
# Possible solutions:
#   Reduce memory load on the system
#   Increase physical memory or swap space
#   Check if swap backing store is full
#   Decrease Java heap size (-Xmx/-Xms)
#   Decrease number of Java threads
#   Decrease Java thread stack sizes (-Xss)
#   Set larger code cache with -XX:ReservedCodeCacheSize=
#   JVM is running with Unscaled Compressed Oops mode in which the Java heap is
#     placed in the first 4GB address space. The Java Heap base address is the
#     maximum limit for the native heap growth. Please use -XX:HeapBaseMinAddress
#     to set the Java Heap base and to place the Java Heap above 4GB virtual address.
# This output file may be truncated or incomplete.
#
#  Out of Memory Error (arena.cpp:168), pid=11652, tid=4408
#
# JRE version: Java(TM) SE Runtime Environment (21.0.6+8) (build 21.0.6+8-LTS-188)
# Java VM: Java HotSpot(TM) 64-Bit Server VM (21.0.6+8-LTS-188, mixed mode, sharing, tiered, compressed oops, compressed class ptrs, g1 gc, windows-amd64)
# No core dump will be written. Minidumps are not enabled by default on client versions of Windows
#

---------------  S U M M A R Y ------------

Command Line: -javaagent:C:\Program Files\JetBrains\IntelliJ IDEA Community Edition 2024.3.5\lib\idea_rt.jar=55689 -Dfile.encoding=UTF-8 -Dsun.stdout.encoding=UTF-8 -Dsun.stderr.encoding=UTF-8 com.project.uber.uberweb.UberwebApplication

Host: Intel(R) Core(TM) i5-8265U CPU @ 1.60GHz, 8 cores, 7G,  Windows 11 , 64 bit Build 26100 (10.0.26100.6725)
Time: Wed Oct 22 19:41:20 2025 India Standard Time elapsed time: 23986.036486 seconds (0d 6h 39m 46s)

---------------  T H R E A D  ---------------

Current thread (0x0000017b676ed490):  JavaThread "C2 CompilerThread1" daemon [_thread_in_native, id=4408, stack(0x0000000950100000,0x0000000950200000) (1024K)]


Current CompileTask:
C2:23986036 31247       4       java.lang.invoke.MemberName::getInvocationType (56 bytes)

Stack: [0x0000000950100000,0x0000000950200000]
Native frames: (J=compiled Java code, j=interpreted, Vv=VM code, C=native code)
V  [jvm.dll+0x6ca6d9]
V  [jvm.dll+0x854f51]
V  [jvm.dll+0x85747e]
V  [jvm.dll+0x857b53]
V  [jvm.dll+0x27dcc6]
V  [jvm.dll+0xc4c2d]
V  [jvm.dll+0xc5163]
V  [jvm.dll+0x2f0fbd]
V  [jvm.dll+0x5f546a]
V  [jvm.dll+0x24f8a2]
V  [jvm.dll+0x24858f]
V  [jvm.dll+0x245df4]
V  [jvm.dll+0x1c6d2e]
V  [jvm.dll+0x2554f9]
V  [jvm.dll+0x253a8a]
V  [jvm.dll+0x3ee576]
V  [jvm.dll+0x7ff2fb]
V  [jvm.dll+0x6c8dbd]
C  [ucrtbase.dll+0x37b0]
C  [KERNEL32.DLL+0x2e8d7]
C  [ntdll.dll+0x8c53c]


---------------  P R O C E S S  ---------------

Threads class SMR info:
_java_thread_list=0x0000017b6a7c25f0, length=45, elements={
0x0000017b61fe4e60, 0x0000017b61fea630, 0x0000017b61ff00d0, 0x0000017b61ff20f0,
0x0000017b61ff36b0, 0x0000017b61ff7530, 0x0000017b62005a40, 0x0000017b62029760,
0x0000017b61fb7550, 0x0000017b628fa1c0, 0x0000017b628fa820, 0x0000017b67c9f430,
0x0000017b67345e70, 0x0000017b674a1f90, 0x0000017b6866df20, 0x0000017b6866f2d0,
0x0000017b6866fff0, 0x0000017b6ad46630, 0x0000017b6ad45fa0, 0x0000017b6ad4b4f0,
0x0000017b6ad4bb80, 0x0000017b6ad49ab0, 0x0000017b6ad4ae60, 0x0000017b6ad48d90,
0x0000017b6ad4c210, 0x0000017b6ad4c8a0, 0x0000017b6ad49420, 0x0000017b6ad4cf30,
0x0000017b6ad4d5c0, 0x0000017b6c199e50, 0x0000017b6c198aa0, 0x0000017b6c19a4e0,
0x0000017b6ad48070, 0x0000017b6ad48700, 0x0000017b6ad4a140, 0x0000017b6ad47350,
0x0000017b6c197060, 0x0000017b6c19ab70, 0x0000017b6c1976f0, 0x0000017b6c19b890,
0x0000017b6c19d960, 0x0000017b67d0a900, 0x0000017b67d09550, 0x0000017b676ed490,
0x0000017b676ef6a0
}

Java Threads: ( => current thread )
  0x0000017b61fe4e60 JavaThread "Reference Handler"          daemon [_thread_blocked, id=7592, stack(0x000000094d000000,0x000000094d100000) (1024K)]
  0x0000017b61fea630 JavaThread "Finalizer"                  daemon [_thread_blocked, id=10604, stack(0x000000094d100000,0x000000094d200000) (1024K)]
  0x0000017b61ff00d0 JavaThread "Signal Dispatcher"          daemon [_thread_blocked, id=11872, stack(0x000000094d200000,0x000000094d300000) (1024K)]
  0x0000017b61ff20f0 JavaThread "Attach Listener"            daemon [_thread_blocked, id=15140, stack(0x000000094d300000,0x000000094d400000) (1024K)]
  0x0000017b61ff36b0 JavaThread "Service Thread"             daemon [_thread_blocked, id=5372, stack(0x000000094d400000,0x000000094d500000) (1024K)]
  0x0000017b61ff7530 JavaThread "Monitor Deflation Thread"   daemon [_thread_blocked, id=9392, stack(0x000000094d500000,0x000000094d600000) (1024K)]
  0x0000017b62005a40 JavaThread "C2 CompilerThread0"         daemon [_thread_blocked, id=13652, stack(0x000000094d600000,0x000000094d700000) (1024K)]
  0x0000017b62029760 JavaThread "C1 CompilerThread0"         daemon [_thread_blocked, id=4116, stack(0x000000094d700000,0x000000094d800000) (1024K)]
  0x0000017b61fb7550 JavaThread "Common-Cleaner"             daemon [_thread_blocked, id=12560, stack(0x000000094d800000,0x000000094d900000) (1024K)]
  0x0000017b628fa1c0 JavaThread "Monitor Ctrl-Break"         daemon [_thread_in_native, id=16268, stack(0x000000094db00000,0x000000094dc00000) (1024K)]
  0x0000017b628fa820 JavaThread "Notification Thread"        daemon [_thread_blocked, id=15996, stack(0x000000094dc00000,0x000000094dd00000) (1024K)]
  0x0000017b67c9f430 JavaThread "RMI TCP Accept-0"           daemon [_thread_in_native, id=8512, stack(0x000000094e400000,0x000000094e500000) (1024K)]
  0x0000017b67345e70 JavaThread "RMI Scheduler(0)"           daemon [_thread_blocked, id=14264, stack(0x000000094e500000,0x000000094e600000) (1024K)]
  0x0000017b674a1f90 JavaThread "JMX server connection timeout 33" daemon [_thread_blocked, id=13804, stack(0x000000094e600000,0x000000094e700000) (1024K)]
  0x0000017b6866df20 JavaThread "PostgreSQL-JDBC-Cleaner"    daemon [_thread_blocked, id=12608, stack(0x000000094ea00000,0x000000094eb00000) (1024K)]
  0x0000017b6866f2d0 JavaThread "HikariPool-1:housekeeper"   daemon [_thread_blocked, id=14576, stack(0x000000094eb00000,0x000000094ec00000) (1024K)]
  0x0000017b6866fff0 JavaThread "Catalina-utility-1"                [_thread_blocked, id=5636, stack(0x000000094ec00000,0x000000094ed00000) (1024K)]
  0x0000017b6ad46630 JavaThread "Catalina-utility-2"                [_thread_blocked, id=3084, stack(0x000000094ed00000,0x000000094ee00000) (1024K)]
  0x0000017b6ad45fa0 JavaThread "container-0"                       [_thread_blocked, id=8680, stack(0x000000094ee00000,0x000000094ef00000) (1024K)]
  0x0000017b6ad4b4f0 JavaThread "http-nio-8080-exec-1"       daemon [_thread_blocked, id=11916, stack(0x000000094ef00000,0x000000094f000000) (1024K)]
  0x0000017b6ad4bb80 JavaThread "http-nio-8080-exec-2"       daemon [_thread_blocked, id=14068, stack(0x000000094f000000,0x000000094f100000) (1024K)]
  0x0000017b6ad49ab0 JavaThread "http-nio-8080-exec-3"       daemon [_thread_blocked, id=3312, stack(0x000000094f100000,0x000000094f200000) (1024K)]
  0x0000017b6ad4ae60 JavaThread "http-nio-8080-exec-4"       daemon [_thread_blocked, id=14664, stack(0x000000094f200000,0x000000094f300000) (1024K)]
  0x0000017b6ad48d90 JavaThread "http-nio-8080-exec-5"       daemon [_thread_blocked, id=13936, stack(0x000000094f300000,0x000000094f400000) (1024K)]
  0x0000017b6ad4c210 JavaThread "http-nio-8080-exec-6"       daemon [_thread_blocked, id=3584, stack(0x000000094f400000,0x000000094f500000) (1024K)]
  0x0000017b6ad4c8a0 JavaThread "http-nio-8080-exec-7"       daemon [_thread_blocked, id=2572, stack(0x000000094f500000,0x000000094f600000) (1024K)]
  0x0000017b6ad49420 JavaThread "http-nio-8080-exec-8"       daemon [_thread_blocked, id=14360, stack(0x000000094f600000,0x000000094f700000) (1024K)]
  0x0000017b6ad4cf30 JavaThread "http-nio-8080-exec-9"       daemon [_thread_blocked, id=14876, stack(0x000000094f700000,0x000000094f800000) (1024K)]
  0x0000017b6ad4d5c0 JavaThread "http-nio-8080-exec-10"      daemon [_thread_blocked, id=12712, stack(0x000000094f800000,0x000000094f900000) (1024K)]
  0x0000017b6c199e50 JavaThread "http-nio-8080-Poller"       daemon [_thread_in_native, id=13492, stack(0x000000094f900000,0x000000094fa00000) (1024K)]
  0x0000017b6c198aa0 JavaThread "http-nio-8080-Acceptor"     daemon [_thread_in_native, id=8172, stack(0x000000094fa00000,0x000000094fb00000) (1024K)]
  0x0000017b6c19a4e0 JavaThread "DestroyJavaVM"                     [_thread_blocked, id=5312, stack(0x000000094c800000,0x000000094c900000) (1024K)]
  0x0000017b6ad48070 JavaThread "reactor-http-nio-1"         daemon [_thread_in_native, id=14500, stack(0x000000094c700000,0x000000094c800000) (1024K)]
  0x0000017b6ad48700 JavaThread "reactor-http-nio-2"         daemon [_thread_in_native, id=13740, stack(0x000000094da00000,0x000000094db00000) (1024K)]
  0x0000017b6ad4a140 JavaThread "reactor-http-nio-3"         daemon [_thread_in_native, id=12424, stack(0x000000094e700000,0x000000094e800000) (1024K)]
  0x0000017b6ad47350 JavaThread "reactor-http-nio-4"         daemon [_thread_in_native, id=13080, stack(0x000000094e800000,0x000000094e900000) (1024K)]
  0x0000017b6c197060 JavaThread "reactor-http-nio-5"         daemon [_thread_in_native, id=8500, stack(0x000000094fb00000,0x000000094fc00000) (1024K)]
  0x0000017b6c19ab70 JavaThread "reactor-http-nio-6"         daemon [_thread_in_native, id=13948, stack(0x000000094fc00000,0x000000094fd00000) (1024K)]
  0x0000017b6c1976f0 JavaThread "reactor-http-nio-7"         daemon [_thread_in_native, id=7924, stack(0x000000094fd00000,0x000000094fe00000) (1024K)]
  0x0000017b6c19b890 JavaThread "reactor-http-nio-8"         daemon [_thread_in_native, id=12652, stack(0x000000094fe00000,0x000000094ff00000) (1024K)]
  0x0000017b6c19d960 JavaThread "Jndi-Dns-address-change-listener" daemon [_thread_in_native, id=17152, stack(0x000000094ff00000,0x0000000950000000) (1024K)]
  0x0000017b67d0a900 JavaThread "RMI TCP Connection(12)-10.68.43.85" daemon [_thread_in_native, id=15756, stack(0x000000094c500000,0x000000094c600000) (1024K)]
  0x0000017b67d09550 JavaThread "HikariPool-1:connection-adder" daemon [_thread_blocked, id=3936, stack(0x000000094d900000,0x000000094da00000) (1024K)]
=>0x0000017b676ed490 JavaThread "C2 CompilerThread1"         daemon [_thread_in_native, id=4408, stack(0x0000000950100000,0x0000000950200000) (1024K)]
  0x0000017b676ef6a0 JavaThread "C2 CompilerThread2"         daemon [_thread_blocked, id=6488, stack(0x0000000950200000,0x0000000950300000) (1024K)]
Total: 45

Other Threads:
  0x0000017b61fcab70 VMThread "VM Thread"                           [id=14956, stack(0x000000094cf00000,0x000000094d000000) (1024K)]
  0x0000017b61fb6ad0 WatcherThread "VM Periodic Task Thread"        [id=3736, stack(0x000000094ce00000,0x000000094cf00000) (1024K)]
  0x0000017b45700e50 WorkerThread "GC Thread#0"                     [id=8180, stack(0x000000094c900000,0x000000094ca00000) (1024K)]
  0x0000017b67b48d70 WorkerThread "GC Thread#1"                     [id=15096, stack(0x000000094dd00000,0x000000094de00000) (1024K)]
  0x0000017b67b49110 WorkerThread "GC Thread#2"                     [id=11956, stack(0x000000094de00000,0x000000094df00000) (1024K)]
  0x0000017b67cab850 WorkerThread "GC Thread#3"                     [id=11056, stack(0x000000094df00000,0x000000094e000000) (1024K)]
  0x0000017b67ca0030 WorkerThread "GC Thread#4"                     [id=11648, stack(0x000000094e000000,0x000000094e100000) (1024K)]
  0x0000017b67743fc0 WorkerThread "GC Thread#5"                     [id=13828, stack(0x000000094e100000,0x000000094e200000) (1024K)]
  0x0000017b62d23030 WorkerThread "GC Thread#6"                     [id=11288, stack(0x000000094e200000,0x000000094e300000) (1024K)]
  0x0000017b67a8da70 WorkerThread "GC Thread#7"                     [id=6572, stack(0x000000094e300000,0x000000094e400000) (1024K)]
  0x0000017b45713040 ConcurrentGCThread "G1 Main Marker"            [id=3060, stack(0x000000094ca00000,0x000000094cb00000) (1024K)]
  0x0000017b457142e0 WorkerThread "G1 Conc#0"                       [id=12628, stack(0x000000094cb00000,0x000000094cc00000) (1024K)]
  0x0000017b6810a8b0 WorkerThread "G1 Conc#1"                       [id=7588, stack(0x000000094e900000,0x000000094ea00000) (1024K)]
  0x0000017b4575eb30 ConcurrentGCThread "G1 Refine#0"               [id=13356, stack(0x000000094cc00000,0x000000094cd00000) (1024K)]
  0x0000017b61e83b70 ConcurrentGCThread "G1 Service"                [id=16032, stack(0x000000094cd00000,0x000000094ce00000) (1024K)]
Total: 15

Threads with active compile tasks:
C2 CompilerThread1  23986137 31247       4       java.lang.invoke.MemberName::getInvocationType (56 bytes)
Total: 1

VM state: not at safepoint (normal execution)

VM Mutex/Monitor currently owned by a thread: None

OutOfMemory and StackOverflow Exception counts:
OutOfMemoryError java_heap_errors=1
LinkageErrors=214

Heap address: 0x0000000082400000, size: 2012 MB, Compressed Oops mode: 32-bit

CDS archive(s) mapped at: [0x0000017b00000000-0x0000017b00c90000-0x0000017b00c90000), size 13172736, SharedBaseAddress: 0x0000017b00000000, ArchiveRelocationMode: 1.
Compressed class space mapped at: 0x0000017b01000000-0x0000017b41000000, reserved size: 1073741824
Narrow klass base: 0x0000017b00000000, Narrow klass shift: 0, Narrow klass range: 0x100000000

GC Precious Log:
 CardTable entry size: 512
 Card Set container configuration: InlinePtr #cards 5 size 8 Array Of Cards #cards 12 size 40 Howl #buckets 4 coarsen threshold 1843 Howl Bitmap #cards 512 size 80 coarsen threshold 460 Card regions per heap region 1 cards per card region 2048
 CPUs: 8 total, 8 available
 Memory: 8042M
 Large Page Support: Disabled
 NUMA Support: Disabled
 Compressed Oops: Enabled (32-bit)
 Heap Region Size: 1M
 Heap Min Capacity: 8M
 Heap Initial Capacity: 126M
 Heap Max Capacity: 2012M
 Pre-touch: Disabled
 Parallel Workers: 8
 Concurrent Workers: 2
 Concurrent Refinement Workers: 8
 Periodic GC: Disabled

Heap:
 garbage-first heap   total 183296K, used 141516K [0x0000000082400000, 0x0000000100000000)
  region size 1024K, 45 young (46080K), 1 survivors (1024K)
 Metaspace       used 113574K, committed 114496K, reserved 1179648K
  class space    used 14652K, committed 15104K, reserved 1048576K

Heap Regions: E=young(eden), S=young(survivor), O=old, HS=humongous(starts), HC=humongous(continues), CS=collection set, F=free, TAMS=top-at-mark-start, PB=parsable bottom
|   0|0x0000000082400000, 0x0000000082500000, 0x0000000082500000|100%|HS|  |TAMS 0x0000000082400000| PB 0x0000000082400000| Complete 
|   1|0x0000000082500000, 0x0000000082600000, 0x0000000082600000|100%|HS|  |TAMS 0x0000000082500000| PB 0x0000000082500000| Complete 
|   2|0x0000000082600000, 0x0000000082700000, 0x0000000082700000|100%| O|  |TAMS 0x0000000082600000| PB 0x0000000082600000| Untracked 
|   3|0x0000000082700000, 0x0000000082800000, 0x0000000082800000|100%| O|  |TAMS 0x0000000082700000| PB 0x0000000082700000| Untracked 
|   4|0x0000000082800000, 0x0000000082900000, 0x0000000082900000|100%| O|  |TAMS 0x0000000082800000| PB 0x0000000082800000| Untracked 
|   5|0x0000000082900000, 0x0000000082a00000, 0x0000000082a00000|100%| O|  |TAMS 0x0000000082900000| PB 0x0000000082900000| Untracked 
|   6|0x0000000082a00000, 0x0000000082b00000, 0x0000000082b00000|100%| O|  |TAMS 0x0000000082a00000| PB 0x0000000082a00000| Untracked 
|   7|0x0000000082b00000, 0x0000000082c00000, 0x0000000082c00000|100%| O|  |TAMS 0x0000000082b00000| PB 0x0000000082b00000| Untracked 
|   8|0x0000000082c00000, 0x0000000082d00000, 0x0000000082d00000|100%| O|  |TAMS 0x0000000082c00000| PB 0x0000000082c00000| Untracked 
|   9|0x0000000082d00000, 0x0000000082e00000, 0x0000000082e00000|100%| O|  |TAMS 0x0000000082d00000| PB 0x0000000082d00000| Untracked 
|  10|0x0000000082e00000, 0x0000000082f00000, 0x0000000082f00000|100%| O|  |TAMS 0x0000000082e00000| PB 0x0000000082e00000| Untracked 
|  11|0x0000000082f00000, 0x0000000083000000, 0x0000000083000000|100%| O|  |TAMS 0x0000000082f00000| PB 0x0000000082f00000| Untracked 
|  12|0x0000000083000000, 0x0000000083100000, 0x0000000083100000|100%| O|  |TAMS 0x0000000083000000| PB 0x0000000083000000| Untracked 
|  13|0x0000000083100000, 0x0000000083200000, 0x0000000083200000|100%| O|  |TAMS 0x0000000083100000| PB 0x0000000083100000| Untracked 
|  14|0x0000000083200000, 0x0000000083300000, 0x0000000083300000|100%| O|  |TAMS 0x0000000083200000| PB 0x0000000083200000| Untracked 
|  15|0x0000000083300000, 0x0000000083400000, 0x0000000083400000|100%| O|  |TAMS 0x0000000083300000| PB 0x0000000083300000| Untracked 
|  16|0x0000000083400000, 0x0000000083500000, 0x0000000083500000|100%| O|  |TAMS 0x0000000083400000| PB 0x0000000083400000| Untracked 
|  17|0x0000000083500000, 0x0000000083600000, 0x0000000083600000|100%| O|  |TAMS 0x0000000083500000| PB 0x0000000083500000| Untracked 
|  18|0x0000000083600000, 0x0000000083700000, 0x0000000083700000|100%| O|  |TAMS 0x0000000083600000| PB 0x0000000083600000| Untracked 
|  19|0x0000000083700000, 0x0000000083800000, 0x0000000083800000|100%| O|  |TAMS 0x0000000083700000| PB 0x0000000083700000| Untracked 
|  20|0x0000000083800000, 0x0000000083900000, 0x0000000083900000|100%| O|  |TAMS 0x0000000083800000| PB 0x0000000083800000| Untracked 
|  21|0x0000000083900000, 0x0000000083a00000, 0x0000000083a00000|100%| O|  |TAMS 0x0000000083900000| PB 0x0000000083900000| Untracked 
|  22|0x0000000083a00000, 0x0000000083a070e0, 0x0000000083b00000|  2%| O|  |TAMS 0x0000000083a00000| PB 0x0000000083a00000| Untracked 
|  23|0x0000000083b00000, 0x0000000083c00000, 0x0000000083c00000|100%| O|  |TAMS 0x0000000083b00000| PB 0x0000000083b00000| Untracked 
|  24|0x0000000083c00000, 0x0000000083d00000, 0x0000000083d00000|100%| O|  |TAMS 0x0000000083c00000| PB 0x0000000083c00000| Untracked 
|  25|0x0000000083d00000, 0x0000000083e00000, 0x0000000083e00000|100%| O|  |TAMS 0x0000000083d00000| PB 0x0000000083d00000| Untracked 
|  26|0x0000000083e00000, 0x0000000083f00000, 0x0000000083f00000|100%| O|  |TAMS 0x0000000083e00000| PB 0x0000000083e00000| Untracked 
|  27|0x0000000083f00000, 0x0000000084000000, 0x0000000084000000|100%| O|  |TAMS 0x0000000083f00000| PB 0x0000000083f00000| Untracked 
|  28|0x0000000084000000, 0x0000000084100000, 0x0000000084100000|100%| O|  |TAMS 0x0000000084000000| PB 0x0000000084000000| Untracked 
|  29|0x0000000084100000, 0x0000000084200000, 0x0000000084200000|100%| O|  |TAMS 0x0000000084100000| PB 0x0000000084100000| Untracked 
|  30|0x0000000084200000, 0x0000000084300000, 0x0000000084300000|100%| O|  |TAMS 0x0000000084200000| PB 0x0000000084200000| Untracked 
|  31|0x0000000084300000, 0x0000000084400000, 0x0000000084400000|100%| O|  |TAMS 0x0000000084300000| PB 0x0000000084300000| Untracked 
|  32|0x0000000084400000, 0x0000000084500000, 0x0000000084500000|100%| O|  |TAMS 0x0000000084400000| PB 0x0000000084400000| Untracked 
|  33|0x0000000084500000, 0x0000000084600000, 0x0000000084600000|100%| O|  |TAMS 0x0000000084500000| PB 0x0000000084500000| Untracked 
|  34|0x0000000084600000, 0x0000000084700000, 0x0000000084700000|100%| O|  |TAMS 0x0000000084600000| PB 0x0000000084600000| Untracked 
|  35|0x0000000084700000, 0x0000000084800000, 0x0000000084800000|100%| O|  |TAMS 0x0000000084700000| PB 0x0000000084700000| Untracked 
|  36|0x0000000084800000, 0x0000000084900000, 0x0000000084900000|100%| O|  |TAMS 0x0000000084800000| PB 0x0000000084800000| Untracked 
|  37|0x0000000084900000, 0x0000000084a00000, 0x0000000084a00000|100%| O|  |TAMS 0x0000000084900000| PB 0x0000000084900000| Untracked 
|  38|0x0000000084a00000, 0x0000000084b00000, 0x0000000084b00000|100%| O|  |TAMS 0x0000000084a00000| PB 0x0000000084a00000| Untracked 
|  39|0x0000000084b00000, 0x0000000084c00000, 0x0000000084c00000|100%| O|  |TAMS 0x0000000084b00000| PB 0x0000000084b00000| Untracked 
|  40|0x0000000084c00000, 0x0000000084d00000, 0x0000000084d00000|100%| O|  |TAMS 0x0000000084c00000| PB 0x0000000084c00000| Untracked 
|  41|0x0000000084d00000, 0x0000000084e00000, 0x0000000084e00000|100%| O|  |TAMS 0x0000000084d00000| PB 0x0000000084d00000| Untracked 
|  42|0x0000000084e00000, 0x0000000084f00000, 0x0000000084f00000|100%| O|  |TAMS 0x0000000084e00000| PB 0x0000000084e00000| Untracked 
|  43|0x0000000084f00000, 0x0000000085000000, 0x0000000085000000|100%| O|  |TAMS 0x0000000084f00000| PB 0x0000000084f00000| Untracked 
|  44|0x0000000085000000, 0x0000000085100000, 0x0000000085100000|100%| O|  |TAMS 0x0000000085000000| PB 0x0000000085000000| Untracked 
|  45|0x0000000085100000, 0x0000000085100000, 0x0000000085200000|  0%| F|  |TAMS 0x0000000085100000| PB 0x0000000085100000| Untracked 
|  46|0x0000000085200000, 0x0000000085200000, 0x0000000085300000|  0%| F|  |TAMS 0x0000000085200000| PB 0x0000000085200000| Untracked 
|  47|0x0000000085300000, 0x0000000085400000, 0x0000000085400000|100%| O|  |TAMS 0x0000000085300000| PB 0x0000000085300000| Untracked 
|  48|0x0000000085400000, 0x0000000085500000, 0x0000000085500000|100%| O|  |TAMS 0x0000000085400000| PB 0x0000000085400000| Untracked 
|  49|0x0000000085500000, 0x0000000085600000, 0x0000000085600000|100%| O|  |TAMS 0x0000000085500000| PB 0x0000000085500000| Untracked 
|  50|0x0000000085600000, 0x0000000085700000, 0x0000000085700000|100%| O|  |TAMS 0x0000000085600000| PB 0x0000000085600000| Untracked 
|  51|0x0000000085700000, 0x0000000085700000, 0x0000000085800000|  0%| F|  |TAMS 0x0000000085700000| PB 0x0000000085700000| Untracked 
|  52|0x0000000085800000, 0x0000000085900000, 0x0000000085900000|100%|HS|  |TAMS 0x0000000085800000| PB 0x0000000085800000| Complete 
|  53|0x0000000085900000, 0x0000000085a00000, 0x0000000085a00000|100%|HC|  |TAMS 0x0000000085900000| PB 0x0000000085900000| Complete 
|  54|0x0000000085a00000, 0x0000000085b00000, 0x0000000085b00000|100%|HC|  |TAMS 0x0000000085a00000| PB 0x0000000085a00000| Complete 
|  55|0x0000000085b00000, 0x0000000085c00000, 0x0000000085c00000|100%|HC|  |TAMS 0x0000000085b00000| PB 0x0000000085b00000| Complete 
|  56|0x0000000085c00000, 0x0000000085d00000, 0x0000000085d00000|100%|HC|  |TAMS 0x0000000085c00000| PB 0x0000000085c00000| Complete 
|  57|0x0000000085d00000, 0x0000000085e00000, 0x0000000085e00000|100%|HS|  |TAMS 0x0000000085d00000| PB 0x0000000085d00000| Complete 
|  58|0x0000000085e00000, 0x0000000085f00000, 0x0000000085f00000|100%|HC|  |TAMS 0x0000000085e00000| PB 0x0000000085e00000| Complete 
|  59|0x0000000085f00000, 0x0000000086000000, 0x0000000086000000|100%|HC|  |TAMS 0x0000000085f00000| PB 0x0000000085f00000| Complete 
|  60|0x0000000086000000, 0x0000000086100000, 0x0000000086100000|100%|HC|  |TAMS 0x0000000086000000| PB 0x0000000086000000| Complete 
|  61|0x0000000086100000, 0x0000000086200000, 0x0000000086200000|100%|HC|  |TAMS 0x0000000086100000| PB 0x0000000086100000| Complete 
|  62|0x0000000086200000, 0x0000000086200000, 0x0000000086300000|  0%| F|  |TAMS 0x0000000086200000| PB 0x0000000086200000| Untracked 
|  63|0x0000000086300000, 0x0000000086300000, 0x0000000086400000|  0%| F|  |TAMS 0x0000000086300000| PB 0x0000000086300000| Untracked 
|  64|0x0000000086400000, 0x0000000086500000, 0x0000000086500000|100%| O|  |TAMS 0x0000000086400000| PB 0x0000000086400000| Untracked 
|  65|0x0000000086500000, 0x0000000086600000, 0x0000000086600000|100%| O|  |TAMS 0x0000000086500000| PB 0x0000000086500000| Untracked 
|  66|0x0000000086600000, 0x0000000086700000, 0x0000000086700000|100%|HS|  |TAMS 0x0000000086600000| PB 0x0000000086600000| Complete 
|  67|0x0000000086700000, 0x0000000086800000, 0x0000000086800000|100%|HC|  |TAMS 0x0000000086700000| PB 0x0000000086700000| Complete 
|  68|0x0000000086800000, 0x0000000086900000, 0x0000000086900000|100%|HC|  |TAMS 0x0000000086800000| PB 0x0000000086800000| Complete 
|  69|0x0000000086900000, 0x0000000086a00000, 0x0000000086a00000|100%|HC|  |TAMS 0x0000000086900000| PB 0x0000000086900000| Complete 
|  70|0x0000000086a00000, 0x0000000086b00000, 0x0000000086b00000|100%|HC|  |TAMS 0x0000000086a00000| PB 0x0000000086a00000| Complete 
|  71|0x0000000086b00000, 0x0000000086c00000, 0x0000000086c00000|100%| O|  |TAMS 0x0000000086b00000| PB 0x0000000086b00000| Untracked 
|  72|0x0000000086c00000, 0x0000000086d00000, 0x0000000086d00000|100%| O|  |TAMS 0x0000000086c00000| PB 0x0000000086c00000| Untracked 
|  73|0x0000000086d00000, 0x0000000086e00000, 0x0000000086e00000|100%| O|  |TAMS 0x0000000086d00000| PB 0x0000000086d00000| Untracked 
|  74|0x0000000086e00000, 0x0000000086e00000, 0x0000000086f00000|  0%| F|  |TAMS 0x0000000086e00000| PB 0x0000000086e00000| Untracked 
|  75|0x0000000086f00000, 0x0000000087000000, 0x0000000087000000|100%|HS|  |TAMS 0x0000000086f00000| PB 0x0000000086f00000| Complete 
|  76|0x0000000087000000, 0x0000000087100000, 0x0000000087100000|100%|HC|  |TAMS 0x0000000087000000| PB 0x0000000087000000| Complete 
|  77|0x0000000087100000, 0x0000000087200000, 0x0000000087200000|100%|HC|  |TAMS 0x0000000087100000| PB 0x0000000087100000| Complete 
|  78|0x0000000087200000, 0x0000000087300000, 0x0000000087300000|100%|HC|  |TAMS 0x0000000087200000| PB 0x0000000087200000| Complete 
|  79|0x0000000087300000, 0x0000000087400000, 0x0000000087400000|100%|HC|  |TAMS 0x0000000087300000| PB 0x0000000087300000| Complete 
|  80|0x0000000087400000, 0x0000000087500000, 0x0000000087500000|100%|HS|  |TAMS 0x0000000087400000| PB 0x0000000087400000| Complete 
|  81|0x0000000087500000, 0x0000000087600000, 0x0000000087600000|100%|HC|  |TAMS 0x0000000087500000| PB 0x0000000087500000| Complete 
|  82|0x0000000087600000, 0x0000000087700000, 0x0000000087700000|100%|HC|  |TAMS 0x0000000087600000| PB 0x0000000087600000| Complete 
|  83|0x0000000087700000, 0x0000000087800000, 0x0000000087800000|100%|HC|  |TAMS 0x0000000087700000| PB 0x0000000087700000| Complete 
|  84|0x0000000087800000, 0x0000000087900000, 0x0000000087900000|100%|HC|  |TAMS 0x0000000087800000| PB 0x0000000087800000| Complete 
|  85|0x0000000087900000, 0x0000000087a00000, 0x0000000087a00000|100%| O|  |TAMS 0x0000000087900000| PB 0x0000000087900000| Untracked 
|  86|0x0000000087a00000, 0x0000000087b00000, 0x0000000087b00000|100%| O|  |TAMS 0x0000000087a00000| PB 0x0000000087a00000| Untracked 
|  87|0x0000000087b00000, 0x0000000087c00000, 0x0000000087c00000|100%|HS|  |TAMS 0x0000000087b00000| PB 0x0000000087b00000| Complete 
|  88|0x0000000087c00000, 0x0000000087d00000, 0x0000000087d00000|100%|HC|  |TAMS 0x0000000087c00000| PB 0x0000000087c00000| Complete 
|  89|0x0000000087d00000, 0x0000000087e00000, 0x0000000087e00000|100%|HC|  |TAMS 0x0000000087d00000| PB 0x0000000087d00000| Complete 
|  90|0x0000000087e00000, 0x0000000087f00000, 0x0000000087f00000|100%|HC|  |TAMS 0x0000000087e00000| PB 0x0000000087e00000| Complete 
|  91|0x0000000087f00000, 0x0000000088000000, 0x0000000088000000|100%|HC|  |TAMS 0x0000000087f00000| PB 0x0000000087f00000| Complete 
|  92|0x0000000088000000, 0x0000000088100000, 0x0000000088100000|100%|HS|  |TAMS 0x0000000088000000| PB 0x0000000088000000| Complete 
|  93|0x0000000088100000, 0x0000000088200000, 0x0000000088200000|100%|HC|  |TAMS 0x0000000088100000| PB 0x0000000088100000| Complete 
|  94|0x0000000088200000, 0x0000000088300000, 0x0000000088300000|100%|HC|  |TAMS 0x0000000088200000| PB 0x0000000088200000| Complete 
|  95|0x0000000088300000, 0x0000000088400000, 0x0000000088400000|100%|HC|  |TAMS 0x0000000088300000| PB 0x0000000088300000| Complete 
|  96|0x0000000088400000, 0x0000000088500000, 0x0000000088500000|100%|HC|  |TAMS 0x0000000088400000| PB 0x0000000088400000| Complete 
|  97|0x0000000088500000, 0x0000000088500000, 0x0000000088600000|  0%| F|  |TAMS 0x0000000088500000| PB 0x0000000088500000| Untracked 
|  98|0x0000000088600000, 0x0000000088600000, 0x0000000088700000|  0%| F|  |TAMS 0x0000000088600000| PB 0x0000000088600000| Untracked 
|  99|0x0000000088700000, 0x0000000088700000, 0x0000000088800000|  0%| F|  |TAMS 0x0000000088700000| PB 0x0000000088700000| Untracked 
| 100|0x0000000088800000, 0x0000000088800000, 0x0000000088900000|  0%| F|  |TAMS 0x0000000088800000| PB 0x0000000088800000| Untracked 
| 101|0x0000000088900000, 0x0000000088900000, 0x0000000088a00000|  0%| F|  |TAMS 0x0000000088900000| PB 0x0000000088900000| Untracked 
| 102|0x0000000088a00000, 0x0000000088b00000, 0x0000000088b00000|100%|HS|  |TAMS 0x0000000088a00000| PB 0x0000000088a00000| Complete 
| 103|0x0000000088b00000, 0x0000000088c00000, 0x0000000088c00000|100%|HC|  |TAMS 0x0000000088b00000| PB 0x0000000088b00000| Complete 
| 104|0x0000000088c00000, 0x0000000088d00000, 0x0000000088d00000|100%|HC|  |TAMS 0x0000000088c00000| PB 0x0000000088c00000| Complete 
| 105|0x0000000088d00000, 0x0000000088e00000, 0x0000000088e00000|100%|HC|  |TAMS 0x0000000088d00000| PB 0x0000000088d00000| Complete 
| 106|0x0000000088e00000, 0x0000000088f00000, 0x0000000088f00000|100%|HC|  |TAMS 0x0000000088e00000| PB 0x0000000088e00000| Complete 
| 107|0x0000000088f00000, 0x0000000088f2c160, 0x0000000089000000| 17%| S|CS|TAMS 0x0000000088f00000| PB 0x0000000088f00000| Complete 
| 108|0x0000000089000000, 0x0000000089000000, 0x0000000089100000|  0%| F|  |TAMS 0x0000000089000000| PB 0x0000000089000000| Untracked 
| 109|0x0000000089100000, 0x0000000089100000, 0x0000000089200000|  0%| F|  |TAMS 0x0000000089100000| PB 0x0000000089100000| Untracked 
| 110|0x0000000089200000, 0x0000000089200000, 0x0000000089300000|  0%| F|  |TAMS 0x0000000089200000| PB 0x0000000089200000| Untracked 
| 111|0x0000000089300000, 0x0000000089300000, 0x0000000089400000|  0%| F|  |TAMS 0x0000000089300000| PB 0x0000000089300000| Untracked 
| 112|0x0000000089400000, 0x0000000089400000, 0x0000000089500000|  0%| F|  |TAMS 0x0000000089400000| PB 0x0000000089400000| Untracked 
| 113|0x0000000089500000, 0x0000000089500000, 0x0000000089600000|  0%| F|  |TAMS 0x0000000089500000| PB 0x0000000089500000| Untracked 
| 114|0x0000000089600000, 0x0000000089600000, 0x0000000089700000|  0%| F|  |TAMS 0x0000000089600000| PB 0x0000000089600000| Untracked 
| 115|0x0000000089700000, 0x0000000089700000, 0x0000000089800000|  0%| F|  |TAMS 0x0000000089700000| PB 0x0000000089700000| Untracked 
| 116|0x0000000089800000, 0x0000000089800000, 0x0000000089900000|  0%| F|  |TAMS 0x0000000089800000| PB 0x0000000089800000| Untracked 
| 117|0x0000000089900000, 0x0000000089900000, 0x0000000089a00000|  0%| F|  |TAMS 0x0000000089900000| PB 0x0000000089900000| Untracked 
| 118|0x0000000089a00000, 0x0000000089a00000, 0x0000000089b00000|  0%| F|  |TAMS 0x0000000089a00000| PB 0x0000000089a00000| Untracked 
| 119|0x0000000089b00000, 0x0000000089b00000, 0x0000000089c00000|  0%| F|  |TAMS 0x0000000089b00000| PB 0x0000000089b00000| Untracked 
| 120|0x0000000089c00000, 0x0000000089c00000, 0x0000000089d00000|  0%| F|  |TAMS 0x0000000089c00000| PB 0x0000000089c00000| Untracked 
| 121|0x0000000089d00000, 0x0000000089d00000, 0x0000000089e00000|  0%| F|  |TAMS 0x0000000089d00000| PB 0x0000000089d00000| Untracked 
| 122|0x0000000089e00000, 0x0000000089e00000, 0x0000000089f00000|  0%| F|  |TAMS 0x0000000089e00000| PB 0x0000000089e00000| Untracked 
| 123|0x0000000089f00000, 0x0000000089f00000, 0x000000008a000000|  0%| F|  |TAMS 0x0000000089f00000| PB 0x0000000089f00000| Untracked 
| 124|0x000000008a000000, 0x000000008a000000, 0x000000008a100000|  0%| F|  |TAMS 0x000000008a000000| PB 0x000000008a000000| Untracked 
| 125|0x000000008a100000, 0x000000008a100000, 0x000000008a200000|  0%| F|  |TAMS 0x000000008a100000| PB 0x000000008a100000| Untracked 
| 126|0x000000008a200000, 0x000000008a200000, 0x000000008a300000|  0%| F|  |TAMS 0x000000008a200000| PB 0x000000008a200000| Untracked 
| 127|0x000000008a300000, 0x000000008a300000, 0x000000008a400000|  0%| F|  |TAMS 0x000000008a300000| PB 0x000000008a300000| Untracked 
| 128|0x000000008a400000, 0x000000008a400000, 0x000000008a500000|  0%| F|  |TAMS 0x000000008a400000| PB 0x000000008a400000| Untracked 
| 129|0x000000008a500000, 0x000000008a500000, 0x000000008a600000|  0%| F|  |TAMS 0x000000008a500000| PB 0x000000008a500000| Untracked 
| 130|0x000000008a600000, 0x000000008a600000, 0x000000008a700000|  0%| F|  |TAMS 0x000000008a600000| PB 0x000000008a600000| Untracked 
| 131|0x000000008a700000, 0x000000008a700000, 0x000000008a800000|  0%| F|  |TAMS 0x000000008a700000| PB 0x000000008a700000| Untracked 
| 132|0x000000008a800000, 0x000000008a800000, 0x000000008a900000|  0%| F|  |TAMS 0x000000008a800000| PB 0x000000008a800000| Untracked 
| 133|0x000000008a900000, 0x000000008a900000, 0x000000008aa00000|  0%| F|  |TAMS 0x000000008a900000| PB 0x000000008a900000| Untracked 
| 134|0x000000008aa00000, 0x000000008aa00000, 0x000000008ab00000|  0%| F|  |TAMS 0x000000008aa00000| PB 0x000000008aa00000| Untracked 
| 135|0x000000008ab00000, 0x000000008ab809c8, 0x000000008ac00000| 50%| E|  |TAMS 0x000000008ab00000| PB 0x000000008ab00000| Complete 
| 136|0x000000008ac00000, 0x000000008ad00000, 0x000000008ad00000|100%| E|CS|TAMS 0x000000008ac00000| PB 0x000000008ac00000| Complete 
| 137|0x000000008ad00000, 0x000000008ae00000, 0x000000008ae00000|100%| E|CS|TAMS 0x000000008ad00000| PB 0x000000008ad00000| Complete 
| 138|0x000000008ae00000, 0x000000008af00000, 0x000000008af00000|100%| E|CS|TAMS 0x000000008ae00000| PB 0x000000008ae00000| Complete 
| 139|0x000000008af00000, 0x000000008b000000, 0x000000008b000000|100%| E|CS|TAMS 0x000000008af00000| PB 0x000000008af00000| Complete 
| 140|0x000000008b000000, 0x000000008b100000, 0x000000008b100000|100%| E|CS|TAMS 0x000000008b000000| PB 0x000000008b000000| Complete 
| 141|0x000000008b100000, 0x000000008b200000, 0x000000008b200000|100%| E|CS|TAMS 0x000000008b100000| PB 0x000000008b100000| Complete 
| 142|0x000000008b200000, 0x000000008b300000, 0x000000008b300000|100%| E|CS|TAMS 0x000000008b200000| PB 0x000000008b200000| Complete 
| 143|0x000000008b300000, 0x000000008b400000, 0x000000008b400000|100%| E|CS|TAMS 0x000000008b300000| PB 0x000000008b300000| Complete 
| 144|0x000000008b400000, 0x000000008b500000, 0x000000008b500000|100%| E|CS|TAMS 0x000000008b400000| PB 0x000000008b400000| Complete 
| 145|0x000000008b500000, 0x000000008b600000, 0x000000008b600000|100%| E|CS|TAMS 0x000000008b500000| PB 0x000000008b500000| Complete 
| 146|0x000000008b600000, 0x000000008b700000, 0x000000008b700000|100%| E|CS|TAMS 0x000000008b600000| PB 0x000000008b600000| Complete 
| 147|0x000000008b700000, 0x000000008b800000, 0x000000008b800000|100%| E|CS|TAMS 0x000000008b700000| PB 0x000000008b700000| Complete 
| 148|0x000000008b800000, 0x000000008b900000, 0x000000008b900000|100%| E|CS|TAMS 0x000000008b800000| PB 0x000000008b800000| Complete 
| 149|0x000000008b900000, 0x000000008ba00000, 0x000000008ba00000|100%| E|CS|TAMS 0x000000008b900000| PB 0x000000008b900000| Complete 
| 150|0x000000008ba00000, 0x000000008bb00000, 0x000000008bb00000|100%| E|CS|TAMS 0x000000008ba00000| PB 0x000000008ba00000| Complete 
| 151|0x000000008bb00000, 0x000000008bc00000, 0x000000008bc00000|100%| E|CS|TAMS 0x000000008bb00000| PB 0x000000008bb00000| Complete 
| 152|0x000000008bc00000, 0x000000008bd00000, 0x000000008bd00000|100%| E|CS|TAMS 0x000000008bc00000| PB 0x000000008bc00000| Complete 
| 153|0x000000008bd00000, 0x000000008be00000, 0x000000008be00000|100%| E|CS|TAMS 0x000000008bd00000| PB 0x000000008bd00000| Complete 
| 154|0x000000008be00000, 0x000000008bf00000, 0x000000008bf00000|100%| E|CS|TAMS 0x000000008be00000| PB 0x000000008be00000| Complete 
| 155|0x000000008bf00000, 0x000000008c000000, 0x000000008c000000|100%| E|CS|TAMS 0x000000008bf00000| PB 0x000000008bf00000| Complete 
| 156|0x000000008c000000, 0x000000008c100000, 0x000000008c100000|100%| E|CS|TAMS 0x000000008c000000| PB 0x000000008c000000| Complete 
| 157|0x000000008c100000, 0x000000008c200000, 0x000000008c200000|100%| E|CS|TAMS 0x000000008c100000| PB 0x000000008c100000| Complete 
| 158|0x000000008c200000, 0x000000008c300000, 0x000000008c300000|100%| E|CS|TAMS 0x000000008c200000| PB 0x000000008c200000| Complete 
| 159|0x000000008c300000, 0x000000008c400000, 0x000000008c400000|100%| E|CS|TAMS 0x000000008c300000| PB 0x000000008c300000| Complete 
| 160|0x000000008c400000, 0x000000008c500000, 0x000000008c500000|100%| E|CS|TAMS 0x000000008c400000| PB 0x000000008c400000| Complete 
| 161|0x000000008c500000, 0x000000008c600000, 0x000000008c600000|100%| E|CS|TAMS 0x000000008c500000| PB 0x000000008c500000| Complete 
| 162|0x000000008c600000, 0x000000008c700000, 0x000000008c700000|100%| E|CS|TAMS 0x000000008c600000| PB 0x000000008c600000| Complete 
| 163|0x000000008c700000, 0x000000008c800000, 0x000000008c800000|100%| E|CS|TAMS 0x000000008c700000| PB 0x000000008c700000| Complete 
| 164|0x000000008c800000, 0x000000008c900000, 0x000000008c900000|100%| E|CS|TAMS 0x000000008c800000| PB 0x000000008c800000| Complete 
| 165|0x000000008c900000, 0x000000008ca00000, 0x000000008ca00000|100%| E|CS|TAMS 0x000000008c900000| PB 0x000000008c900000| Complete 
| 166|0x000000008ca00000, 0x000000008cb00000, 0x000000008cb00000|100%| E|CS|TAMS 0x000000008ca00000| PB 0x000000008ca00000| Complete 
| 167|0x000000008cb00000, 0x000000008cc00000, 0x000000008cc00000|100%| E|CS|TAMS 0x000000008cb00000| PB 0x000000008cb00000| Complete 
| 168|0x000000008cc00000, 0x000000008cd00000, 0x000000008cd00000|100%| E|CS|TAMS 0x000000008cc00000| PB 0x000000008cc00000| Complete 
| 169|0x000000008cd00000, 0x000000008ce00000, 0x000000008ce00000|100%| E|CS|TAMS 0x000000008cd00000| PB 0x000000008cd00000| Complete 
| 170|0x000000008ce00000, 0x000000008cf00000, 0x000000008cf00000|100%| E|CS|TAMS 0x000000008ce00000| PB 0x000000008ce00000| Complete 
| 171|0x000000008cf00000, 0x000000008d000000, 0x000000008d000000|100%| E|CS|TAMS 0x000000008cf00000| PB 0x000000008cf00000| Complete 
| 172|0x000000008d000000, 0x000000008d100000, 0x000000008d100000|100%| E|CS|TAMS 0x000000008d000000| PB 0x000000008d000000| Complete 
| 173|0x000000008d100000, 0x000000008d200000, 0x000000008d200000|100%| E|CS|TAMS 0x000000008d100000| PB 0x000000008d100000| Complete 
| 174|0x000000008d200000, 0x000000008d300000, 0x000000008d300000|100%| E|CS|TAMS 0x000000008d200000| PB 0x000000008d200000| Complete 
| 175|0x000000008d300000, 0x000000008d400000, 0x000000008d400000|100%| E|CS|TAMS 0x000000008d300000| PB 0x000000008d300000| Complete 
| 176|0x000000008d400000, 0x000000008d500000, 0x000000008d500000|100%| E|CS|TAMS 0x000000008d400000| PB 0x000000008d400000| Complete 
| 177|0x000000008d500000, 0x000000008d600000, 0x000000008d600000|100%| E|CS|TAMS 0x000000008d500000| PB 0x000000008d500000| Complete 
|2011|0x00000000fff00000, 0x0000000100000000, 0x0000000100000000|100%| E|CS|TAMS 0x00000000fff00000| PB 0x00000000fff00000| Complete 

Card table byte_map: [0x0000017b5d240000,0x0000017b5d630000] _byte_map_base: 0x0000017b5ce2e000

Marking Bits: (CMBitMap*) 0x0000017b45701d60
 Bits: [0x0000017b5d630000, 0x0000017b5f5a0000)

Polling page: 0x0000017b435e0000

Metaspace:

Usage:
  Non-class:     96.60 MB used.
      Class:     14.31 MB used.
       Both:    110.91 MB used.

Virtual space:
  Non-class space:      128.00 MB reserved,      97.06 MB ( 76%) committed,  2 nodes.
      Class space:        1.00 GB reserved,      14.75 MB (  1%) committed,  1 nodes.
             Both:        1.12 GB reserved,     111.81 MB ( 10%) committed. 

Chunk freelists:
   Non-Class:  14.13 MB
       Class:  1.21 MB
        Both:  15.34 MB

MaxMetaspaceSize: unlimited
CompressedClassSpaceSize: 1.00 GB
Initial GC threshold: 21.00 MB
Current GC threshold: 186.19 MB
CDS: on
 - commit_granule_bytes: 65536.
 - commit_granule_words: 8192.
 - virtual_space_node_default_size: 8388608.
 - enlarge_chunks_in_place: 1.
 - use_allocation_guard: 0.


Internal statistics:

num_allocs_failed_limit: 15.
num_arena_births: 2216.
num_arena_deaths: 802.
num_vsnodes_births: 3.
num_vsnodes_deaths: 0.
num_space_committed: 1789.
num_space_uncommitted: 0.
num_chunks_returned_to_freelist: 915.
num_chunks_taken_from_freelist: 6945.
num_chunk_merges: 240.
num_chunk_splits: 4424.
num_chunks_enlarged: 3308.
num_inconsistent_stats: 0.

CodeHeap 'non-profiled nmethods': size=120000Kb used=9765Kb max_used=12991Kb free=110234Kb
 bounds [0x0000017b555f0000, 0x0000017b562b0000, 0x0000017b5cb20000]
CodeHeap 'profiled nmethods': size=120000Kb used=2636Kb max_used=19262Kb free=117363Kb
 bounds [0x0000017b4db20000, 0x0000017b4ee00000, 0x0000017b55050000]
CodeHeap 'non-nmethods': size=5760Kb used=1858Kb max_used=1982Kb free=3902Kb
 bounds [0x0000017b55050000, 0x0000017b552c0000, 0x0000017b555f0000]
 total_blobs=4407 nmethods=3559 adapters=750
 compilation: enabled
              stopped_count=0, restarted_count=0
 full_count=0

Compilation events (20 events):
Event: 23982.897 Thread 0x0000017b62029760 nmethod 31291 0x0000017b4e105390 code [0x0000017b4e105540, 0x0000017b4e105688]
Event: 23982.897 Thread 0x0000017b62029760 31237       3       java.lang.invoke.LambdaForm$Name::withConstraint (20 bytes)
Event: 23982.897 Thread 0x0000017b62029760 nmethod 31237 0x0000017b4dc26810 code [0x0000017b4dc269c0, 0x0000017b4dc26bd8]
Event: 23982.897 Thread 0x0000017b62029760 31233       3       ch.qos.logback.core.pattern.FormattingConverter::write (154 bytes)
Event: 23982.899 Thread 0x0000017b62029760 nmethod 31233 0x0000017b4e0ec410 code [0x0000017b4e0ec760, 0x0000017b4e0ed7b0]
Event: 23982.899 Thread 0x0000017b62029760 31275       1       java.lang.invoke.MemberName::getDeclaringClass (5 bytes)
Event: 23982.899 Thread 0x0000017b62029760 nmethod 31275 0x0000017b55c39390 code [0x0000017b55c39520, 0x0000017b55c395e8]
Event: 23982.899 Thread 0x0000017b62029760 31289       1       java.lang.invoke.LambdaForm$Name::index (5 bytes)
Event: 23982.900 Thread 0x0000017b62029760 nmethod 31289 0x0000017b55c39090 code [0x0000017b55c39220, 0x0000017b55c392e8]
Event: 23982.900 Thread 0x0000017b62029760 31264       1       java.lang.invoke.MethodType::returnType (5 bytes)
Event: 23982.900 Thread 0x0000017b62029760 nmethod 31264 0x0000017b55c38d90 code [0x0000017b55c38f20, 0x0000017b55c38fe8]
Event: 23982.900 Thread 0x0000017b62029760 31322       1       java.lang.invoke.LambdaForm$Name::type (5 bytes)
Event: 23982.900 Thread 0x0000017b62029760 nmethod 31322 0x0000017b55c38a90 code [0x0000017b55c38c20, 0x0000017b55c38ce8]
Event: 23982.900 Thread 0x0000017b62029760 31236       1       java.lang.invoke.MethodHandle::type (5 bytes)
Event: 23982.900 Thread 0x0000017b62029760 nmethod 31236 0x0000017b55c38790 code [0x0000017b55c38920, 0x0000017b55c389e8]
Event: 23982.900 Thread 0x0000017b62029760 31229       3       java.lang.ClassLoader::definePackage (29 bytes)
Event: 23982.900 Thread 0x0000017b62029760 nmethod 31229 0x0000017b4e334390 code [0x0000017b4e334560, 0x0000017b4e334898]
Event: 23982.900 Thread 0x0000017b62029760 31232       1       java.lang.StackTraceElement::getClassName (5 bytes)
Event: 23982.900 Thread 0x0000017b62029760 nmethod 31232 0x0000017b55c38490 code [0x0000017b55c38620, 0x0000017b55c386e8]
Event: 23983.648 Thread 0x0000017b62029760 31338   !   3       java.util.concurrent.FutureTask::runAndReset (125 bytes)

GC Heap History (20 events):
Event: 23832.021 GC heap before
{Heap before GC invocations=338 (full 0):
 garbage-first heap   total 183296K, used 169124K [0x0000000082400000, 0x0000000100000000)
  region size 1024K, 72 young (73728K), 1 survivors (1024K)
 Metaspace       used 113465K, committed 114368K, reserved 1179648K
  class space    used 14636K, committed 15104K, reserved 1048576K
}
Event: 23832.025 GC heap after
{Heap after GC invocations=339 (full 0):
 garbage-first heap   total 183296K, used 97426K [0x0000000082400000, 0x0000000100000000)
  region size 1024K, 1 young (1024K), 1 survivors (1024K)
 Metaspace       used 113465K, committed 114368K, reserved 1179648K
  class space    used 14636K, committed 15104K, reserved 1048576K
}
Event: 23839.163 GC heap before
{Heap before GC invocations=340 (full 0):
 garbage-first heap   total 183296K, used 170130K [0x0000000082400000, 0x0000000100000000)
  region size 1024K, 72 young (73728K), 1 survivors (1024K)
 Metaspace       used 113469K, committed 114368K, reserved 1179648K
  class space    used 14636K, committed 15104K, reserved 1048576K
}
Event: 23839.166 GC heap after
{Heap after GC invocations=341 (full 0):
 garbage-first heap   total 183296K, used 97481K [0x0000000082400000, 0x0000000100000000)
  region size 1024K, 1 young (1024K), 1 survivors (1024K)
 Metaspace       used 113469K, committed 114368K, reserved 1179648K
  class space    used 14636K, committed 15104K, reserved 1048576K
}
Event: 23842.302 GC heap before
{Heap before GC invocations=341 (full 0):
 garbage-first heap   total 183296K, used 170185K [0x0000000082400000, 0x0000000100000000)
  region size 1024K, 72 young (73728K), 1 survivors (1024K)
 Metaspace       used 113469K, committed 114368K, reserved 1179648K
  class space    used 14636K, committed 15104K, reserved 1048576K
}
Event: 23842.306 GC heap after
{Heap after GC invocations=342 (full 0):
 garbage-first heap   total 183296K, used 97483K [0x0000000082400000, 0x0000000100000000)
  region size 1024K, 1 young (1024K), 1 survivors (1024K)
 Metaspace       used 113469K, committed 114368K, reserved 1179648K
  class space    used 14636K, committed 15104K, reserved 1048576K
}
Event: 23844.827 GC heap before
{Heap before GC invocations=343 (full 0):
 garbage-first heap   total 183296K, used 170187K [0x0000000082400000, 0x0000000100000000)
  region size 1024K, 72 young (73728K), 1 survivors (1024K)
 Metaspace       used 113469K, committed 114368K, reserved 1179648K
  class space    used 14636K, committed 15104K, reserved 1048576K
}
Event: 23844.829 GC heap after
{Heap after GC invocations=344 (full 0):
 garbage-first heap   total 183296K, used 97507K [0x0000000082400000, 0x0000000100000000)
  region size 1024K, 1 young (1024K), 1 survivors (1024K)
 Metaspace       used 113469K, committed 114368K, reserved 1179648K
  class space    used 14636K, committed 15104K, reserved 1048576K
}
Event: 23846.918 GC heap before
{Heap before GC invocations=344 (full 0):
 garbage-first heap   total 183296K, used 170211K [0x0000000082400000, 0x0000000100000000)
  region size 1024K, 72 young (73728K), 1 survivors (1024K)
 Metaspace       used 113469K, committed 114368K, reserved 1179648K
  class space    used 14636K, committed 15104K, reserved 1048576K
}
Event: 23846.921 GC heap after
{Heap after GC invocations=345 (full 0):
 garbage-first heap   total 183296K, used 97498K [0x0000000082400000, 0x0000000100000000)
  region size 1024K, 1 young (1024K), 1 survivors (1024K)
 Metaspace       used 113469K, committed 114368K, reserved 1179648K
  class space    used 14636K, committed 15104K, reserved 1048576K
}
Event: 23850.500 GC heap before
{Heap before GC invocations=346 (full 0):
 garbage-first heap   total 183296K, used 170202K [0x0000000082400000, 0x0000000100000000)
  region size 1024K, 72 young (73728K), 1 survivors (1024K)
 Metaspace       used 113469K, committed 114368K, reserved 1179648K
  class space    used 14636K, committed 15104K, reserved 1048576K
}
Event: 23850.503 GC heap after
{Heap after GC invocations=347 (full 0):
 garbage-first heap   total 183296K, used 97512K [0x0000000082400000, 0x0000000100000000)
  region size 1024K, 1 young (1024K), 1 survivors (1024K)
 Metaspace       used 113469K, committed 114368K, reserved 1179648K
  class space    used 14636K, committed 15104K, reserved 1048576K
}
Event: 23852.693 GC heap before
{Heap before GC invocations=347 (full 0):
 garbage-first heap   total 183296K, used 169192K [0x0000000082400000, 0x0000000100000000)
  region size 1024K, 72 young (73728K), 1 survivors (1024K)
 Metaspace       used 113469K, committed 114368K, reserved 1179648K
  class space    used 14636K, committed 15104K, reserved 1048576K
}
Event: 23852.696 GC heap after
{Heap after GC invocations=348 (full 0):
 garbage-first heap   total 183296K, used 97514K [0x0000000082400000, 0x0000000100000000)
  region size 1024K, 1 young (1024K), 1 survivors (1024K)
 Metaspace       used 113469K, committed 114368K, reserved 1179648K
  class space    used 14636K, committed 15104K, reserved 1048576K
}
Event: 23854.647 GC heap before
{Heap before GC invocations=349 (full 0):
 garbage-first heap   total 183296K, used 170218K [0x0000000082400000, 0x0000000100000000)
  region size 1024K, 72 young (73728K), 1 survivors (1024K)
 Metaspace       used 113469K, committed 114368K, reserved 1179648K
  class space    used 14636K, committed 15104K, reserved 1048576K
}
Event: 23854.650 GC heap after
{Heap after GC invocations=350 (full 0):
 garbage-first heap   total 183296K, used 97543K [0x0000000082400000, 0x0000000100000000)
  region size 1024K, 1 young (1024K), 1 survivors (1024K)
 Metaspace       used 113469K, committed 114368K, reserved 1179648K
  class space    used 14636K, committed 15104K, reserved 1048576K
}
Event: 23855.958 GC heap before
{Heap before GC invocations=350 (full 0):
 garbage-first heap   total 183296K, used 169223K [0x0000000082400000, 0x0000000100000000)
  region size 1024K, 72 young (73728K), 1 survivors (1024K)
 Metaspace       used 113469K, committed 114368K, reserved 1179648K
  class space    used 14636K, committed 15104K, reserved 1048576K
}
Event: 23855.962 GC heap after
{Heap after GC invocations=351 (full 0):
 garbage-first heap   total 183296K, used 97546K [0x0000000082400000, 0x0000000100000000)
  region size 1024K, 1 young (1024K), 1 survivors (1024K)
 Metaspace       used 113469K, committed 114368K, reserved 1179648K
  class space    used 14636K, committed 15104K, reserved 1048576K
}
Event: 23859.106 GC heap before
{Heap before GC invocations=352 (full 0):
 garbage-first heap   total 183296K, used 170250K [0x0000000082400000, 0x0000000100000000)
  region size 1024K, 72 young (73728K), 1 survivors (1024K)
 Metaspace       used 113469K, committed 114368K, reserved 1179648K
  class space    used 14636K, committed 15104K, reserved 1048576K
}
Event: 23859.110 GC heap after
{Heap after GC invocations=353 (full 0):
 garbage-first heap   total 183296K, used 97484K [0x0000000082400000, 0x0000000100000000)
  region size 1024K, 1 young (1024K), 1 survivors (1024K)
 Metaspace       used 113469K, committed 114368K, reserved 1179648K
  class space    used 14636K, committed 15104K, reserved 1048576K
}

Dll operation events (13 events):
Event: 0.025 Loaded shared library C:\Program Files\Java\jdk-21\bin\java.dll
Event: 0.090 Loaded shared library C:\Program Files\Java\jdk-21\bin\jsvml.dll
Event: 0.357 Loaded shared library C:\Program Files\Java\jdk-21\bin\zip.dll
Event: 0.366 Loaded shared library C:\Program Files\Java\jdk-21\bin\instrument.dll
Event: 0.378 Loaded shared library C:\Program Files\Java\jdk-21\bin\net.dll
Event: 0.384 Loaded shared library C:\Program Files\Java\jdk-21\bin\nio.dll
Event: 0.391 Loaded shared library C:\Program Files\Java\jdk-21\bin\zip.dll
Event: 0.615 Loaded shared library C:\Program Files\Java\jdk-21\bin\jimage.dll
Event: 0.788 Loaded shared library C:\Program Files\Java\jdk-21\bin\extnet.dll
Event: 0.811 Loaded shared library C:\Program Files\Java\jdk-21\bin\management.dll
Event: 0.843 Loaded shared library C:\Program Files\Java\jdk-21\bin\management_ext.dll
Event: 4.893 Loaded shared library C:\Program Files\Java\jdk-21\bin\sunmscapi.dll
Event: 17.161 Loaded shared library C:\Program Files\Java\jdk-21\bin\verify.dll

Deoptimization events (20 events):
Event: 23890.418 Thread 0x0000017b6866f2d0 Uncommon trap: trap_request=0xffffff45 fr.pc=0x0000017b557ff450 relative=0x0000000000000390
Event: 23890.418 Thread 0x0000017b6866f2d0 Uncommon trap: reason=unstable_if action=reinterpret pc=0x0000017b557ff450 method=java.util.concurrent.FutureTask.runAndReset()Z @ 116 c2
Event: 23890.418 Thread 0x0000017b6866f2d0 DEOPT PACKING pc=0x0000017b557ff450 sp=0x000000094ebff0b0
Event: 23890.418 Thread 0x0000017b6866f2d0 DEOPT UNPACKING pc=0x0000017b550a46a2 sp=0x000000094ebff008 mode 2
Event: 23890.418 Thread 0x0000017b67d07480 Uncommon trap: trap_request=0xffffff45 fr.pc=0x0000017b55658be4 relative=0x00000000000000c4
Event: 23890.418 Thread 0x0000017b67d07480 Uncommon trap: reason=unstable_if action=reinterpret pc=0x0000017b55658be4 method=org.postgresql.core.QueryExecutorCloseAction.isClosed()Z @ 6 c2
Event: 23890.418 Thread 0x0000017b67d07480 DEOPT PACKING pc=0x0000017b55658be4 sp=0x000000094c6ff3f0
Event: 23890.418 Thread 0x0000017b67d07480 DEOPT UNPACKING pc=0x0000017b550a46a2 sp=0x000000094c6ff388 mode 2
Event: 23901.754 Thread 0x0000017b67d07480 Uncommon trap: trap_request=0xffffff45 fr.pc=0x0000017b55e78f28 relative=0x00000000000014c8
Event: 23901.754 Thread 0x0000017b67d07480 Uncommon trap: reason=unstable_if action=reinterpret pc=0x0000017b55e78f28 method=java.util.concurrent.LinkedBlockingQueue.offer(Ljava/lang/Object;)Z @ 91 c2
Event: 23901.754 Thread 0x0000017b67d07480 DEOPT PACKING pc=0x0000017b55e78f28 sp=0x000000094c6fefa0
Event: 23901.754 Thread 0x0000017b67d07480 DEOPT UNPACKING pc=0x0000017b550a46a2 sp=0x000000094c6fef58 mode 2
Event: 23981.809 Thread 0x0000017b67d09550 Uncommon trap: trap_request=0xffffff45 fr.pc=0x0000017b55dab458 relative=0x00000000000001b8
Event: 23981.809 Thread 0x0000017b67d09550 Uncommon trap: reason=unstable_if action=reinterpret pc=0x0000017b55dab458 method=java.lang.Throwable.getCause()Ljava/lang/Throwable; @ 5 c2
Event: 23981.809 Thread 0x0000017b67d09550 DEOPT PACKING pc=0x0000017b55dab458 sp=0x000000094d9fef00
Event: 23981.810 Thread 0x0000017b67d09550 DEOPT UNPACKING pc=0x0000017b550a46a2 sp=0x000000094d9feeb8 mode 2
Event: 23981.838 Thread 0x0000017b67d09550 Uncommon trap: trap_request=0xffffff45 fr.pc=0x0000017b5581618c relative=0x000000000000032c
Event: 23981.838 Thread 0x0000017b67d09550 Uncommon trap: reason=unstable_if action=reinterpret pc=0x0000017b5581618c method=org.springframework.boot.web.embedded.tomcat.TomcatEmbeddedWebappClassLoader.loadClass(Ljava/lang/String;Z)Ljava/lang/Class; @ 27 c2
Event: 23981.838 Thread 0x0000017b67d09550 DEOPT PACKING pc=0x0000017b5581618c sp=0x000000094d9fec20
Event: 23981.839 Thread 0x0000017b67d09550 DEOPT UNPACKING pc=0x0000017b550a46a2 sp=0x000000094d9feb68 mode 2

Classes loaded (20 events):
Event: 11257.105 Loading class java/time/DayOfWeek
Event: 11257.105 Loading class java/time/DayOfWeek done
Event: 11257.109 Loading class java/time/package-info
Event: 11257.109 Loading class java/time/package-info done
Event: 11257.122 Loading class java/util/package-info
Event: 11257.122 Loading class java/util/package-info done
Event: 11257.131 Loading class java/math/package-info
Event: 11257.131 Loading class java/math/package-info done
Event: 11257.150 Loading class java/util/stream/ReduceOps$4
Event: 11257.150 Loading class java/util/stream/ReduceOps$4 done
Event: 11257.150 Loading class java/util/stream/ReduceOps$4ReducingSink
Event: 11257.151 Loading class java/util/stream/ReduceOps$4ReducingSink done
Event: 17475.328 Loading class jdk/internal/reflect/AccessorUtils
Event: 17475.339 Loading class jdk/internal/reflect/AccessorUtils done
Event: 23886.154 Loading class sun/net/ConnectionResetException
Event: 23886.159 Loading class sun/net/ConnectionResetException done
Event: 23886.233 Loading class sun/net/util/SocketExceptions
Event: 23886.237 Loading class sun/net/util/SocketExceptions done
Event: 23886.237 Loading class java/text/MessageFormat$Field
Event: 23886.239 Loading class java/text/MessageFormat$Field done

Classes unloaded (20 events):
Event: 15721.638 Thread 0x0000017b61fcab70 Unloading class 0x0000017b01e4dc00 'java/lang/invoke/LambdaForm$MH+0x0000017b01e4dc00'
Event: 15721.638 Thread 0x0000017b61fcab70 Unloading class 0x0000017b01e4d800 'java/lang/invoke/LambdaForm$MH+0x0000017b01e4d800'
Event: 15721.638 Thread 0x0000017b61fcab70 Unloading class 0x0000017b01d90800 'java/lang/invoke/LambdaForm$MH+0x0000017b01d90800'
Event: 15721.638 Thread 0x0000017b61fcab70 Unloading class 0x0000017b01dd8400 'java/lang/invoke/LambdaForm$MH+0x0000017b01dd8400'
Event: 15729.052 Thread 0x0000017b61fcab70 Unloading class 0x0000017b01eb8400 'java/lang/invoke/LambdaForm$MH+0x0000017b01eb8400'
Event: 15729.052 Thread 0x0000017b61fcab70 Unloading class 0x0000017b01eb8000 'java/lang/invoke/LambdaForm$MH+0x0000017b01eb8000'
Event: 15729.052 Thread 0x0000017b61fcab70 Unloading class 0x0000017b01eb5c00 'java/lang/invoke/LambdaForm$MH+0x0000017b01eb5c00'
Event: 15729.052 Thread 0x0000017b61fcab70 Unloading class 0x0000017b01eb5400 'java/lang/invoke/LambdaForm$MH+0x0000017b01eb5400'
Event: 15729.052 Thread 0x0000017b61fcab70 Unloading class 0x0000017b01eb5000 'java/lang/invoke/LambdaForm$MH+0x0000017b01eb5000'
Event: 15729.052 Thread 0x0000017b61fcab70 Unloading class 0x0000017b01eb4800 'java/lang/invoke/LambdaForm$MH+0x0000017b01eb4800'
Event: 15729.052 Thread 0x0000017b61fcab70 Unloading class 0x0000017b01eb4000 'java/lang/invoke/LambdaForm$MH+0x0000017b01eb4000'
Event: 15729.052 Thread 0x0000017b61fcab70 Unloading class 0x0000017b01eb3800 'java/lang/invoke/LambdaForm$MH+0x0000017b01eb3800'
Event: 15729.052 Thread 0x0000017b61fcab70 Unloading class 0x0000017b01eb3400 'java/lang/invoke/LambdaForm$MH+0x0000017b01eb3400'
Event: 19798.222 Thread 0x0000017b61fcab70 Unloading class 0x0000017b01ec0800 'java/lang/invoke/LambdaForm$MH+0x0000017b01ec0800'
Event: 19798.224 Thread 0x0000017b61fcab70 Unloading class 0x0000017b01e38c00 'java/lang/invoke/LambdaForm$MH+0x0000017b01e38c00'
Event: 19798.224 Thread 0x0000017b61fcab70 Unloading class 0x0000017b01b13000 'java/lang/invoke/LambdaForm$MH+0x0000017b01b13000'
Event: 23487.162 Thread 0x0000017b61fcab70 Unloading class 0x0000017b01e90800 'java/lang/invoke/LambdaForm$MH+0x0000017b01e90800'
Event: 23487.163 Thread 0x0000017b61fcab70 Unloading class 0x0000017b01101000 'jdk/internal/reflect/GeneratedSerializationConstructorAccessor7'
Event: 23487.164 Thread 0x0000017b61fcab70 Unloading class 0x0000017b01100c00 'jdk/internal/reflect/GeneratedSerializationConstructorAccessor6'
Event: 23487.164 Thread 0x0000017b61fcab70 Unloading class 0x0000017b01100800 'jdk/internal/reflect/GeneratedSerializationConstructorAccessor5'

Classes redefined (0 events):
No events

Internal exceptions (20 events):
Event: 23916.544 Thread 0x0000017b67d09550 Exception <a 'java/net/ConnectException'{0x000000008b82ca50}: Connection refused: getsockopt> (0x000000008b82ca50) 
thrown [s\open\src\hotspot\share\prims\jni.cpp, line 539]
Event: 23921.551 Thread 0x0000017b67d09550 Exception <a 'java/net/ConnectException'{0x000000008b82f0e8}: Connection refused: getsockopt> (0x000000008b82f0e8) 
thrown [s\open\src\hotspot\share\prims\jni.cpp, line 539]
Event: 23926.554 Thread 0x0000017b67d09550 Exception <a 'java/net/ConnectException'{0x000000008b831780}: Connection refused: getsockopt> (0x000000008b831780) 
thrown [s\open\src\hotspot\share\prims\jni.cpp, line 539]
Event: 23931.559 Thread 0x0000017b67d09550 Exception <a 'java/net/ConnectException'{0x000000008b833e18}: Connection refused: getsockopt> (0x000000008b833e18) 
thrown [s\open\src\hotspot\share\prims\jni.cpp, line 539]
Event: 23936.590 Thread 0x0000017b67d09550 Exception <a 'java/net/ConnectException'{0x000000008b8364b0}: Connection refused: getsockopt> (0x000000008b8364b0) 
thrown [s\open\src\hotspot\share\prims\jni.cpp, line 539]
Event: 23941.616 Thread 0x0000017b67d09550 Exception <a 'java/net/ConnectException'{0x000000008b838b48}: Connection refused: getsockopt> (0x000000008b838b48) 
thrown [s\open\src\hotspot\share\prims\jni.cpp, line 539]
Event: 23943.728 Thread 0x0000017b6866f2d0 Exception <a 'java/io/IOException'{0x000000008b843f58}: Connection reset by peer> (0x000000008b843f58) 
thrown [s\open\src\hotspot\share\prims\jni.cpp, line 539]
Event: 23944.743 Thread 0x0000017b6866f2d0 Exception <a 'java/lang/OutOfMemoryError'{0x000000008b3c1bb8}: unable to create native thread: possibly out of memory or process/resource limits reached> (0x000000008b3c1bb8) 
thrown [s\open\src\hotspot\share\prims\jvm.cpp, line 3013]
Event: 23944.743 Thread 0x0000017b67d07480 Exception <a 'java/io/IOException'{0x000000008b3c9988}: Connection reset by peer> (0x000000008b3c9988) 
thrown [s\open\src\hotspot\share\prims\jni.cpp, line 539]
Event: 23946.638 Thread 0x0000017b67d09550 Exception <a 'java/net/ConnectException'{0x000000008b39c780}: Connection refused: getsockopt> (0x000000008b39c780) 
thrown [s\open\src\hotspot\share\prims\jni.cpp, line 539]
Event: 23951.655 Thread 0x0000017b67d09550 Exception <a 'java/net/ConnectException'{0x000000008b39ee18}: Connection refused: getsockopt> (0x000000008b39ee18) 
thrown [s\open\src\hotspot\share\prims\jni.cpp, line 539]
Event: 23956.680 Thread 0x0000017b67d09550 Exception <a 'java/net/ConnectException'{0x000000008b3a14b0}: Connection refused: getsockopt> (0x000000008b3a14b0) 
thrown [s\open\src\hotspot\share\prims\jni.cpp, line 539]
Event: 23961.704 Thread 0x0000017b67d09550 Exception <a 'java/net/ConnectException'{0x000000008b3a3b48}: Connection refused: getsockopt> (0x000000008b3a3b48) 
thrown [s\open\src\hotspot\share\prims\jni.cpp, line 539]
Event: 23963.956 Thread 0x0000017b6866f2d0 Exception <a 'java/io/IOException'{0x000000008b3c92e8}: Connection reset by peer> (0x000000008b3c92e8) 
thrown [s\open\src\hotspot\share\prims\jni.cpp, line 539]
Event: 23966.714 Thread 0x0000017b67d09550 Exception <a 'java/net/ConnectException'{0x000000008b3a61e0}: Connection refused: getsockopt> (0x000000008b3a61e0) 
thrown [s\open\src\hotspot\share\prims\jni.cpp, line 539]
Event: 23971.727 Thread 0x0000017b67d09550 Exception <a 'java/net/ConnectException'{0x000000008b3a8878}: Connection refused: getsockopt> (0x000000008b3a8878) 
thrown [s\open\src\hotspot\share\prims\jni.cpp, line 539]
Event: 23973.881 Thread 0x0000017b6866f2d0 Exception <a 'java/io/IOException'{0x000000008ade4490}: Connection reset by peer> (0x000000008ade4490) 
thrown [s\open\src\hotspot\share\prims\jni.cpp, line 539]
Event: 23976.755 Thread 0x0000017b67d09550 Exception <a 'java/net/ConnectException'{0x000000008b3ab128}: Connection refused: getsockopt> (0x000000008b3ab128) 
thrown [s\open\src\hotspot\share\prims\jni.cpp, line 539]
Event: 23980.185 Thread 0x0000017b6866f2d0 Exception <a 'java/io/IOException'{0x000000008adebfe0}: Connection reset by peer> (0x000000008adebfe0) 
thrown [s\open\src\hotspot\share\prims\jni.cpp, line 539]
Event: 23981.767 Thread 0x0000017b67d09550 Exception <a 'java/net/ConnectException'{0x000000008b3ad7c0}: Connection refused: getsockopt> (0x000000008b3ad7c0) 
thrown [s\open\src\hotspot\share\prims\jni.cpp, line 539]

ZGC Phase Switch (0 events):
No events

VM Operations (20 events):
Event: 23932.669 Executing VM operation: RendezvousGCThreads
Event: 23932.669 Executing VM operation: RendezvousGCThreads done
Event: 23951.909 Executing VM operation: Cleanup
Event: 23951.909 Executing VM operation: Cleanup done
Event: 23956.970 Executing VM operation: Cleanup
Event: 23956.970 Executing VM operation: Cleanup done
Event: 23962.003 Executing VM operation: Cleanup
Event: 23962.003 Executing VM operation: Cleanup done
Event: 23964.020 Executing VM operation: Cleanup
Event: 23964.020 Executing VM operation: Cleanup done
Event: 23972.080 Executing VM operation: Cleanup
Event: 23972.080 Executing VM operation: Cleanup done
Event: 23974.089 Executing VM operation: Cleanup
Event: 23974.478 Executing VM operation: Cleanup done
Event: 23975.494 Executing VM operation: Cleanup
Event: 23975.494 Executing VM operation: Cleanup done
Event: 23982.534 Executing VM operation: Cleanup
Event: 23982.858 Executing VM operation: Cleanup done
Event: 23983.869 Executing VM operation: Cleanup
Event: 23983.869 Executing VM operation: Cleanup done

Events (20 events):
Event: 23885.040 Thread 0x0000017b676f0b10 Thread added: 0x0000017b676f0b10
Event: 23886.161 Thread 0x0000017b676f0b10 Thread exited: 0x0000017b676f0b10
Event: 23886.184 Thread 0x0000017b676f0440 Thread added: 0x0000017b676f0440
Event: 23886.788 Thread 0x0000017b67d07480 Thread exited: 0x0000017b67d07480
Event: 23886.915 Thread 0x0000017b676f0440 Thread exited: 0x0000017b676f0440
Event: 23887.124 Thread 0x0000017b676ec6f0 Thread exited: 0x0000017b676ec6f0
Event: 23890.418 Thread 0x0000017b67d07480 Thread added: 0x0000017b67d07480
Event: 23899.211 Thread 0x0000017b67d07480 Thread exited: 0x0000017b67d07480
Event: 23901.754 Thread 0x0000017b67d07480 Thread added: 0x0000017b67d07480
Event: 23906.770 Thread 0x0000017b67d07480 Thread exited: 0x0000017b67d07480
Event: 23944.743 Thread 0x0000017b67d07480 Thread added: 0x0000017b67d07480
Event: 23949.749 Thread 0x0000017b67d07480 Thread exited: 0x0000017b67d07480
Event: 23963.960 Thread 0x0000017b67d07480 Thread added: 0x0000017b67d07480
Event: 23968.973 Thread 0x0000017b67d07480 Thread exited: 0x0000017b67d07480
Event: 23974.482 Thread 0x0000017b67d07480 Thread added: 0x0000017b67d07480
Event: 23979.499 Thread 0x0000017b67d07480 Thread exited: 0x0000017b67d07480
Event: 23980.186 Thread 0x0000017b67d07b10 Thread added: 0x0000017b67d07b10
Event: 23981.830 Thread 0x0000017b676ed490 Thread added: 0x0000017b676ed490
Event: 23982.859 Thread 0x0000017b676ef6a0 Thread added: 0x0000017b676ef6a0
Event: 23985.194 Thread 0x0000017b67d07b10 Thread exited: 0x0000017b67d07b10


Dynamic libraries:
0x00007ff69cbb0000 - 0x00007ff69cbc0000 	C:\Program Files\Java\jdk-21\bin\java.exe
0x00007ffde5ae0000 - 0x00007ffde5d48000 	C:\Windows\SYSTEM32\ntdll.dll
0x00007ffde4c90000 - 0x00007ffde4d59000 	C:\Windows\System32\KERNEL32.DLL
0x00007ffde2fd0000 - 0x00007ffde33c2000 	C:\Windows\System32\KERNELBASE.dll
0x00007ffde2d10000 - 0x00007ffde2e5b000 	C:\Windows\System32\ucrtbase.dll
0x00007ffdc63c0000 - 0x00007ffdc63db000 	C:\Program Files\Java\jdk-21\bin\VCRUNTIME140.dll
0x00007ffdc6110000 - 0x00007ffdc6129000 	C:\Program Files\Java\jdk-21\bin\jli.dll
0x00007ffde43f0000 - 0x00007ffde44a4000 	C:\Windows\System32\ADVAPI32.dll
0x00007ffde51c0000 - 0x00007ffde5269000 	C:\Windows\System32\msvcrt.dll
0x00007ffde5270000 - 0x00007ffde5316000 	C:\Windows\System32\sechost.dll
0x00007ffde38b0000 - 0x00007ffde39c8000 	C:\Windows\System32\RPCRT4.dll
0x00007ffde48c0000 - 0x00007ffde4a85000 	C:\Windows\System32\USER32.dll
0x00007ffdcdeb0000 - 0x00007ffdce143000 	C:\Windows\WinSxS\amd64_microsoft.windows.common-controls_6595b64144ccf1df_6.0.26100.6899_none_3e0efeeae32e88c1\COMCTL32.dll
0x00007ffde3680000 - 0x00007ffde36a7000 	C:\Windows\System32\win32u.dll
0x00007ffde5820000 - 0x00007ffde584b000 	C:\Windows\System32\GDI32.dll
0x00007ffde3550000 - 0x00007ffde367d000 	C:\Windows\System32\gdi32full.dll
0x00007ffde3770000 - 0x00007ffde3813000 	C:\Windows\System32\msvcp_win.dll
0x00007ffdd6ca0000 - 0x00007ffdd6cab000 	C:\Windows\SYSTEM32\VERSION.dll
0x00007ffde5850000 - 0x00007ffde587f000 	C:\Windows\System32\IMM32.DLL
0x00007ffdd4110000 - 0x00007ffdd411c000 	C:\Program Files\Java\jdk-21\bin\vcruntime140_1.dll
0x00007ffdb43b0000 - 0x00007ffdb443e000 	C:\Program Files\Java\jdk-21\bin\msvcp140.dll
0x00007ffd64b50000 - 0x00007ffd6586a000 	C:\Program Files\Java\jdk-21\bin\server\jvm.dll
0x00007ffde4350000 - 0x00007ffde43c4000 	C:\Windows\System32\WS2_32.dll
0x00007ffde2ad0000 - 0x00007ffde2b2e000 	C:\Windows\SYSTEM32\POWRPROF.dll
0x00007ffdcaaa0000 - 0x00007ffdcaad5000 	C:\Windows\SYSTEM32\WINMM.dll
0x00007ffde2ab0000 - 0x00007ffde2ac4000 	C:\Windows\SYSTEM32\UMPDC.dll
0x00007ffde1a40000 - 0x00007ffde1a5b000 	C:\Windows\SYSTEM32\kernel.appcore.dll
0x00007ffdcc190000 - 0x00007ffdcc19a000 	C:\Program Files\Java\jdk-21\bin\jimage.dll
0x00007ffdcb2d0000 - 0x00007ffdcb512000 	C:\Windows\SYSTEM32\DBGHELP.DLL
0x00007ffde4de0000 - 0x00007ffde515b000 	C:\Windows\System32\combase.dll
0x00007ffde4ba0000 - 0x00007ffde4c77000 	C:\Windows\System32\OLEAUT32.dll
0x00007ffdc85d0000 - 0x00007ffdc860c000 	C:\Windows\SYSTEM32\dbgcore.DLL
0x00007ffde2c70000 - 0x00007ffde2d08000 	C:\Windows\System32\bcryptPrimitives.dll
0x00007ffdc5e50000 - 0x00007ffdc5e5f000 	C:\Program Files\Java\jdk-21\bin\instrument.dll
0x00007ffdc60f0000 - 0x00007ffdc610f000 	C:\Program Files\Java\jdk-21\bin\java.dll
0x00007ffde3b00000 - 0x00007ffde424d000 	C:\Windows\System32\SHELL32.dll
0x00007ffde2e60000 - 0x00007ffde2fcb000 	C:\Windows\System32\wintypes.dll
0x00007ffde0890000 - 0x00007ffde10ed000 	C:\Windows\SYSTEM32\windows.storage.dll
0x00007ffde4250000 - 0x00007ffde4342000 	C:\Windows\System32\SHCORE.dll
0x00007ffde57b0000 - 0x00007ffde5812000 	C:\Windows\System32\shlwapi.dll
0x00007ffde2b90000 - 0x00007ffde2bb9000 	C:\Windows\SYSTEM32\profapi.dll
0x00007ffdb42d0000 - 0x00007ffdb43a7000 	C:\Program Files\Java\jdk-21\bin\jsvml.dll
0x00007ffdc60b0000 - 0x00007ffdc60c8000 	C:\Program Files\Java\jdk-21\bin\zip.dll
0x00007ffdca740000 - 0x00007ffdca750000 	C:\Program Files\Java\jdk-21\bin\net.dll
0x00007ffdd7c70000 - 0x00007ffdd7d8f000 	C:\Windows\SYSTEM32\WINHTTP.dll
0x00007ffde1fb0000 - 0x00007ffde201b000 	C:\Windows\system32\mswsock.dll
0x00007ffdc60d0000 - 0x00007ffdc60e6000 	C:\Program Files\Java\jdk-21\bin\nio.dll
0x00007ffde15b0000 - 0x00007ffde16d6000 	C:\Windows\SYSTEM32\DNSAPI.dll
0x00007ffde14d0000 - 0x00007ffde1504000 	C:\Windows\SYSTEM32\IPHLPAPI.DLL
0x00007ffde43d0000 - 0x00007ffde43da000 	C:\Windows\System32\NSI.dll
0x00007ffdd84f0000 - 0x00007ffdd84fb000 	C:\Windows\System32\rasadhlp.dll
0x00007ffdc2ff0000 - 0x00007ffdc2ff9000 	C:\Program Files\Java\jdk-21\bin\extnet.dll
0x00007ffddbd40000 - 0x00007ffddbdc6000 	C:\Windows\System32\fwpuclnt.dll
0x00007ffdc2fe0000 - 0x00007ffdc2fea000 	C:\Program Files\Java\jdk-21\bin\management.dll
0x00007ffdbd9c0000 - 0x00007ffdbd9cb000 	C:\Program Files\Java\jdk-21\bin\management_ext.dll
0x00007ffde43e0000 - 0x00007ffde43e8000 	C:\Windows\System32\PSAPI.DLL
0x00007ffde2260000 - 0x00007ffde227b000 	C:\Windows\SYSTEM32\CRYPTSP.dll
0x00007ffde19a0000 - 0x00007ffde19db000 	C:\Windows\system32\rsaenh.dll
0x00007ffde2050000 - 0x00007ffde207b000 	C:\Windows\SYSTEM32\USERENV.dll
0x00007ffde2b60000 - 0x00007ffde2b86000 	C:\Windows\SYSTEM32\bcrypt.dll
0x00007ffde2280000 - 0x00007ffde228c000 	C:\Windows\SYSTEM32\CRYPTBASE.dll
0x00007ffdbc180000 - 0x00007ffdbc198000 	C:\Windows\system32\napinsp.dll
0x00007ffdbc160000 - 0x00007ffdbc172000 	C:\Windows\System32\winrnr.dll
0x00007ffdbc130000 - 0x00007ffdbc158000 	C:\Windows\system32\nlansp_c.dll
0x00007ffdd6160000 - 0x00007ffdd6176000 	C:\Windows\system32\wshbth.dll
0x00007ffdcda90000 - 0x00007ffdcdae6000 	C:\Windows\SYSTEM32\pdh.dll
0x00007ffdc5e40000 - 0x00007ffdc5e4e000 	C:\Program Files\Java\jdk-21\bin\sunmscapi.dll
0x00007ffde33d0000 - 0x00007ffde3547000 	C:\Windows\System32\CRYPT32.dll
0x00007ffde2480000 - 0x00007ffde24b0000 	C:\Windows\SYSTEM32\ncrypt.dll
0x00007ffde2430000 - 0x00007ffde246f000 	C:\Windows\SYSTEM32\NTASN1.dll
0x00007ffdbd550000 - 0x00007ffdbd560000 	C:\Program Files\Java\jdk-21\bin\verify.dll
0x00007ffd73020000 - 0x00007ffd73028000 	C:\Windows\system32\wshunix.dll
0x00007ffdd84c0000 - 0x00007ffdd84de000 	C:\Windows\SYSTEM32\dhcpcsvc6.DLL
0x00007ffdd8490000 - 0x00007ffdd84b3000 	C:\Windows\SYSTEM32\dhcpcsvc.DLL

dbghelp: loaded successfully - version: 4.0.5 - missing functions: none
symbol engine: initialized successfully - sym options: 0x614 - pdb path: .;C:\Program Files\Java\jdk-21\bin;C:\Windows\SYSTEM32;C:\Windows\WinSxS\amd64_microsoft.windows.common-controls_6595b64144ccf1df_6.0.26100.6899_none_3e0efeeae32e88c1;C:\Program Files\Java\jdk-21\bin\server

VM Arguments:
jvm_args: -javaagent:C:\Program Files\JetBrains\IntelliJ IDEA Community Edition 2024.3.5\lib\idea_rt.jar=55689 -Dfile.encoding=UTF-8 -Dsun.stdout.encoding=UTF-8 -Dsun.stderr.encoding=UTF-8 
java_command: com.project.uber.uberweb.UberwebApplication
java_class_path (initial): E:\Backend Project\cabConnect\target\classes;C:\Users\sachi\.m2\repository\org\springframework\boot\spring-boot-starter-data-jpa\3.5.0\spring-boot-starter-data-jpa-3.5.0.jar;C:\Users\sachi\.m2\repository\org\springframework\boot\spring-boot-starter\3.5.0\spring-boot-starter-3.5.0.jar;C:\Users\sachi\.m2\repository\org\springframework\boot\spring-boot\3.5.0\spring-boot-3.5.0.jar;C:\Users\sachi\.m2\repository\org\springframework\boot\spring-boot-starter-logging\3.5.0\spring-boot-starter-logging-3.5.0.jar;C:\Users\sachi\.m2\repository\ch\qos\logback\logback-classic\1.5.18\logback-classic-1.5.18.jar;C:\Users\sachi\.m2\repository\ch\qos\logback\logback-core\1.5.18\logback-core-1.5.18.jar;C:\Users\sachi\.m2\repository\org\apache\logging\log4j\log4j-to-slf4j\2.24.3\log4j-to-slf4j-2.24.3.jar;C:\Users\sachi\.m2\repository\org\apache\logging\log4j\log4j-api\2.24.3\log4j-api-2.24.3.jar;C:\Users\sachi\.m2\repository\org\slf4j\jul-to-slf4j\2.0.17\jul-to-slf4j-2.0.17.jar;C:\Users\sachi\.m2\repository\jakarta\annotation\jakarta.annotation-api\2.1.1\jakarta.annotation-api-2.1.1.jar;C:\Users\sachi\.m2\repository\org\yaml\snakeyaml\2.4\snakeyaml-2.4.jar;C:\Users\sachi\.m2\repository\org\springframework\boot\spring-boot-starter-jdbc\3.5.0\spring-boot-starter-jdbc-3.5.0.jar;C:\Users\sachi\.m2\repository\com\zaxxer\HikariCP\6.3.0\HikariCP-6.3.0.jar;C:\Users\sachi\.m2\repository\org\springframework\spring-jdbc\6.2.7\spring-jdbc-6.2.7.jar;C:\Users\sachi\.m2\repository\org\hibernate\orm\hibernate-core\6.6.15.Final\hibernate-core-6.6.15.Final.jar;C:\Users\sachi\.m2\repository\jakarta\persistence\jakarta.persistence-api\3.1.0\jakarta.persistence-api-3.1.0.jar;C:\Users\sachi\.m2\repository\jakarta\transaction\jakarta.transaction-api\2.0.1\jakarta.transaction-api-2.0.1.jar;C:\Users\sachi\.m2\repository\org\hibernate\common\hibernate-commons-annotations\7.0.3.Final\hibernate-commons-annotations-7.0.3.Final.jar;C:\Users\sachi\.m2\repository\io\smallrye\jandex\3.2.0\jandex-3.2.0.jar;C:\Users\sachi\.m2\repository\com\fasterxml\classmate\1.7.0\classmate-1.7.0.jar;C:\Users\sachi\.m2\repository\net\bytebuddy\byte-buddy\1.17.5\byte-buddy-1.17.5.jar;C:\Users\sachi\.m2\repository\org\glassfish\jaxb\jaxb-runtime\4.0.5\jaxb-runtime-4.0.5.jar;C:\Users\sachi\.m2\repository\org\glassfish\jaxb\jaxb-core\4.0.5\jaxb-core-4.0.5.jar;C:\Users\sachi\.m2\repository\org\glassfish\jaxb\txw2\4.0.5\txw2-4.0.5.jar;C:\Users\sachi\.m2\repository\com\sun\istack\istack-commons-runtime\4.1.2\istack-commons-runtime-4.1.2.jar;C:\Users\sachi\.m2\repository\jakarta\inject\jakarta.inject-api\2.0.1\jakarta.inject-api-2.0.1.jar;C:\Users\sachi\.m2\repository\org\antlr\antlr4-runtime\4.13.0\antlr4-runtime-4.13.0.jar;C:\Users\sachi\.m2\repository\org\springframework\data\spring-data-jpa\3.5.0\spring-data-jpa-3.5.0.jar;C:\Users\sachi\.m2\repository\org\springframework\data\spring-data-commons\3.5.0\spring-data-commons-3.5.0.jar;C:\Users\sachi\.m2\repository\org\springframework\spring-orm\6.2.7\spring-orm-6.2.7.jar;C:\Users\sachi\.m2\repository\org\springframework\spring-context\6.2.7\spring-context-6.2.7.jar;C:\Users\sachi\.m2\repository\org\springframework\spring-tx\6.2.7\spring-tx-6.2.7.jar;C:\Users\sachi\.m2\repository\org\springframework\spring-beans\6.2.7\spring-beans-6.2.7.jar;C:\Users\sachi\.m2\repository\org\slf4j\slf4j-api\2.0.17\slf4j-api-2.0.17.jar;C:\Users\sachi\.m2\repository\org\springframework\spring-aspects\6.2.7\spring-aspects-6.2.7.jar;C:\Users\sachi\.m2\repository\org\aspectj\aspectjweaver\1.9.24\aspectjweaver-1.9.24.jar;C:\Users\sachi\.m2\repository\org\springframework\boot\spring-boot-starter-web\3.5.0\spring-boot-starter-web-3.5.0.jar;C:\Users\sachi\.m2\repository\org\springframework\boot\spring-boot-starter-json\3.5.0\spring-boot-starter-json-3.5.0.jar;C:\Users\sachi\.m2\repository\com\fasterxml\jackson\datatype\jackson-datatype-jdk8\2.19.0\jackson-datatype-jdk8-2.19.0.jar;C:\Users\sachi\.m2\repository\com\fasterxml\jackson\datatype\jackson-datatype-jsr310\2.19.0\jackson-datatype-jsr310-2.19.0.jar;C:\Users\sachi\.m2\repository\com\fasterxml\jackson\module\jackson-module-parameter-names\2.19.0\jackson-module-parameter-names-2.19.0.jar;C:\Users\sachi\.m2\repository\org\springframework\boot\spring-boot-starter-tomcat\3.5.0\spring-boot-starter-tomcat-3.5.0.jar;C:\Users\sachi\.m2\repository\org\apache\tomcat\embed\tomcat-embed-core\10.1.41\tomcat-embed-core-10.1.41.jar;C:\Users\sachi\.m2\repository\org\apache\tomcat\embed\tomcat-embed-el\10.1.41\tomcat-embed-el-10.1.41.jar;C:\Users\sachi\.m2\repository\org\apache\tomcat\embed\tomcat-embed-websocket\10.1.41\tomcat-embed-websocket-10.1.41.jar;C:\Users\sachi\.m2\repository\org\springframework\spring-web\6.2.7\spring-web-6.2.7.jar;C:\Users\sachi\.m2\repository\org\springframework\spring-webmvc\6.2.7\spring-webmvc-6.2.7.jar;C:\Users\sachi\.m2\repository\org\springframework\spring-expression\6.2.7\spring-expression-6.2.7.jar;C:\Users\sachi\.m2\repository\org\postgresql\postgresql\42.7.5\postgresql-42.7.5.jar;C:\Users\sachi\.m2\repository\org\checkerframework\checker-qual\3.48.3\checker-qual-3.48.3.jar;C:\Users\sachi\.m2\repository\org\projectlombok\lombok\1.18.38\lombok-1.18.38.jar;C:\Users\sachi\.m2\repository\jakarta\xml\bind\jakarta.xml.bind-api\4.0.2\jakarta.xml.bind-api-4.0.2.jar;C:\Users\sachi\.m2\repository\jakarta\activation\jakarta.activation-api\2.1.3\jakarta.activation-api-2.1.3.jar;C:\Users\sachi\.m2\repository\org\springframework\spring-core\6.2.7\spring-core-6.2.7.jar;C:\Users\sachi\.m2\repository\org\springframework\spring-jcl\6.2.7\spring-jcl-6.2.7.jar;C:\Users\sachi\.m2\repository\org\springframework\spring-test\6.2.7\spring-test-6.2.7.jar;C:\Users\sachi\.m2\repository\org\hibernate\orm\hibernate-spatial\6.6.17.Final\hibernate-spatial-6.6.17.Final.jar;C:\Users\sachi\.m2\repository\org\geolatte\geolatte-geom\1.9.1\geolatte-geom-1.9.1.jar;C:\Users\sachi\.m2\repository\org\locationtech\jts\jts-core\1.19.0\jts-core-1.19.0.jar;C:\Users\sachi\.m2\repository\org\jboss\logging\jboss-logging\3.6.1.Final\jboss-logging-3.6.1.Final.jar;C:\Users\sachi\.m2\repository\org\modelmapper\modelmapper\3.1.1\modelmapper-3.1.1.jar;C:\Users\sachi\.m2\repository\org\springdoc\springdoc-openapi-starter-webmvc-ui\2.8.8\springdoc-openapi-starter-webmvc-ui-2.8.8.jar;C:\Users\sachi\.m2\repository\org\springdoc\springdoc-openapi-starter-webmvc-api\2.8.8\springdoc-openapi-starter-webmvc-api-2.8.8.jar;C:\Users\sachi\.m2\repository\org\springdoc\springdoc-openapi-starter-common\2.8.8\springdoc-openapi-starter-common-2.8.8.jar;C:\Users\sachi\.m2\repository\org\springframework\boot\spring-boot-starter-validation\3.5.0\spring-boot-starter-validation-3.5.0.jar;C:\Users\sachi\.m2\repository\org\hibernate\validator\hibernate-validator\8.0.2.Final\hibernate-validator-8.0.2.Final.jar;C:\Users\sachi\.m2\repository\io\swagger\core\v3\swagger-core-jakarta\2.2.30\swagger-core-jakarta-2.2.30.jar;C:\Users\sachi\.m2\repository\org\apache\commons\commons-lang3\3.17.0\commons-lang3-3.17.0.jar;C:\Users\sachi\.m2\repository\io\swagger\core\v3\swagger-annotations-jakarta\2.2.30\swagger-annotations-jakarta-2.2.30.jar;C:\Users\sachi\.m2\repository\io\swagger\core\v3\swagger-models-jakarta\2.2.30\swagger-models-jakarta-2.2.30.jar;C:\Users\sachi\.m2\repository\jakarta\validation\jakarta.validation-api\3.0.2\jakarta.validation-api-3.0.2.jar;C:\Users\sachi\.m2\repository\com\fasterxml\jackson\dataformat\jackson-dataformat-yaml\2.19.0\jackson-dataformat-yaml-2.19.0.jar;C:\Users\sachi\.m2\repository\org\webjars\swagger-ui\5.21.0\swagger-ui-5.21.0.jar;C:\Users\sachi\.m2\repository\org\webjars\webjars-locator-lite\1.1.0\webjars-locator-lite-1.1.0.jar;C:\Users\sachi\.m2\repository\org\jspecify\jspecify\1.0.0\jspecify-1.0.0.jar;C:\Users\sachi\.m2\repository\org\springframework\boot\spring-boot-starter-actuator\3.5.0\spring-boot-starter-actuator-3.5.0.jar;C:\Users\sachi\.m2\repository\org\springframework\boot\spring-boot-actuator-autoconfigure\3.5.0\spring-boot-actuator-autoconfigure-3.5.0.jar;C:\Users\sachi\.m2\repository\org\springframework\boot\spring-boot-actuator\3.5.0\spring-boot-actuator-3.5.0.jar;C:\Users\sachi\.m2\repository\io\micrometer\micrometer-observation\1.15.0\micrometer-observation-1.15.0.jar;C:\Users\sachi\.m2\repository\io\micrometer\micrometer-commons\1.15.0\micrometer-commons-1.15.0.jar;C:\Users\sachi\.m2\repository\io\micrometer\micrometer-jakarta9\1.15.0\micrometer-jakarta9-1.15.0.jar;C:\Users\sachi\.m2\repository\io\micrometer\micrometer-core\1.15.0\micrometer-core-1.15.0.jar;C:\Users\sachi\.m2\repository\org\hdrhistogram\HdrHistogram\2.2.2\HdrHistogram-2.2.2.jar;C:\Users\sachi\.m2\repository\org\latencyutils\LatencyUtils\2.0.3\LatencyUtils-2.0.3.jar;C:\Users\sachi\.m2\repository\org\springframework\security\spring-security-test\6.5.0\spring-security-test-6.5.0.jar;C:\Users\sachi\.m2\repository\org\springframework\security\spring-security-core\6.5.0\spring-security-core-6.5.0.jar;C:\Users\sachi\.m2\repository\org\springframework\security\spring-security-crypto\6.5.0\spring-security-crypto-6.5.0.jar;C:\Users\sachi\.m2\repository\org\springframework\security\spring-security-web\6.5.0\spring-security-web-6.5.0.jar;C:\Users\sachi\.m2\repository\org\springframework\boot\spring-boot-starter-security\3.5.0\spring-boot-starter-security-3.5.0.jar;C:\Users\sachi\.m2\repository\org\springframework\spring-aop\6.2.7\spring-aop-6.2.7.jar;C:\Users\sachi\.m2\repository\org\springframework\security\spring-security-config\6.5.0\spring-security-config-6.5.0.jar;C:\Users\sachi\.m2\repository\io\jsonwebtoken\jjwt-api\0.12.6\jjwt-api-0.12.6.jar;C:\Users\sachi\.m2\repository\io\jsonwebtoken\jjwt-impl\0.12.6\jjwt-impl-0.12.6.jar;C:\Users\sachi\.m2\repository\io\jsonwebtoken\jjwt-jackson\0.12.6\jjwt-jackson-0.12.6.jar;C:\Users\sachi\.m2\repository\com\fasterxml\jackson\core\jackson-databind\2.19.0\jackson-databind-2.19.0.jar;C:\Users\sachi\.m2\repository\com\fasterxml\jackson\core\jackson-annotations\2.19.0\jackson-annotations-2.19.0.jar;C:\Users\sachi\.m2\repository\com\fasterxml\jackson\core\jackson-core\2.19.0\jackson-core-2.19.0.jar;C:\Users\sachi\.m2\repository\org\springframework\boot\spring-boot-starter-mail\3.5.0\spring-boot-starter-mail-3.5.0.jar;C:\Users\sachi\.m2\repository\org\springframework\spring-context-support\6.2.7\spring-context-support-6.2.7.jar;C:\Users\sachi\.m2\repository\org\eclipse\angus\jakarta.mail\2.0.3\jakarta.mail-2.0.3.jar;C:\Users\sachi\.m2\repository\org\eclipse\angus\angus-activation\2.0.2\angus-activation-2.0.2.jar;C:\Users\sachi\.m2\repository\org\springframework\boot\spring-boot-starter-webflux\3.5.0\spring-boot-starter-webflux-3.5.0.jar;C:\Users\sachi\.m2\repository\org\springframework\boot\spring-boot-starter-reactor-netty\3.5.0\spring-boot-starter-reactor-netty-3.5.0.jar;C:\Users\sachi\.m2\repository\io\projectreactor\netty\reactor-netty-http\1.2.6\reactor-netty-http-1.2.6.jar;C:\Users\sachi\.m2\repository\io\netty\netty-codec-http\4.1.121.Final\netty-codec-http-4.1.121.Final.jar;C:\Users\sachi\.m2\repository\io\netty\netty-common\4.1.121.Final\netty-common-4.1.121.Final.jar;C:\Users\sachi\.m2\repository\io\netty\netty-buffer\4.1.121.Final\netty-buffer-4.1.121.Final.jar;C:\Users\sachi\.m2\repository\io\netty\netty-transport\4.1.121.Final\netty-transport-4.1.121.Final.jar;C:\Users\sachi\.m2\repository\io\netty\netty-codec\4.1.121.Final\netty-codec-4.1.121.Final.jar;C:\Users\sachi\.m2\repository\io\netty\netty-handler\4.1.121.Final\netty-handler-4.1.121.Final.jar;C:\Users\sachi\.m2\repository\io\netty\netty-codec-http2\4.1.121.Final\netty-codec-http2-4.1.121.Final.jar;C:\Users\sachi\.m2\repository\io\netty\netty-resolver-dns\4.1.121.Final\netty-resolver-dns-4.1.121.Final.jar;C:\Users\sachi\.m2\repository\io\netty\netty-resolver\4.1.121.Final\netty-resolver-4.1.121.Final.jar;C:\Users\sachi\.m2\repository\io\netty\netty-codec-dns\4.1.121.Final\netty-codec-dns-4.1.121.Final.jar;C:\Users\sachi\.m2\repository\io\netty\netty-resolver-dns-native-macos\4.1.121.Final\netty-resolver-dns-native-macos-4.1.121.Final-osx-x86_64.jar;C:\Users\sachi\.m2\repository\io\netty\netty-resolver-dns-classes-macos\4.1.121.Final\netty-resolver-dns-classes-macos-4.1.121.Final.jar;C:\Users\sachi\.m2\repository\io\netty\netty-transport-native-epoll\4.1.121.Final\netty-transport-native-epoll-4.1.121.Final-linux-x86_64.jar;C:\Users\sachi\.m2\repository\io\netty\netty-transport-native-unix-common\4.1.121.Final\netty-transport-native-unix-common-4.1.121.Final.jar;C:\Users\sachi\.m2\repository\io\netty\netty-transport-classes-epoll\4.1.121.Final\netty-transport-classes-epoll-4.1.121.Final.jar;C:\Users\sachi\.m2\repository\io\projectreactor\netty\reactor-netty-core\1.2.6\reactor-netty-core-1.2.6.jar;C:\Users\sachi\.m2\repository\io\netty\netty-handler-proxy\4.1.121.Final\netty-handler-proxy-4.1.121.Final.jar;C:\Users\sachi\.m2\repository\io\netty\netty-codec-socks\4.1.121.Final\netty-codec-socks-4.1.121.Final.jar;C:\Users\sachi\.m2\repository\org\springframework\spring-webflux\6.2.7\spring-webflux-6.2.7.jar;C:\Users\sachi\.m2\repository\io\projectreactor\reactor-core\3.7.6\reactor-core-3.7.6.jar;C:\Users\sachi\.m2\repository\org\reactivestreams\reactive-streams\1.0.4\reactive-streams-1.0.4.jar;C:\Users\sachi\.m2\repository\org\springframework\boot\spring-boot-autoconfigure\3.5.0\spring-boot-autoconfigure-3.5.0.jar
Launcher Type: SUN_STANDARD

[Global flags]
     intx CICompilerCount                          = 4                                         {product} {ergonomic}
     uint ConcGCThreads                            = 2                                         {product} {ergonomic}
     uint G1ConcRefinementThreads                  = 8                                         {product} {ergonomic}
   size_t G1HeapRegionSize                         = 1048576                                   {product} {ergonomic}
    uintx GCDrainStackTargetSize                   = 64                                        {product} {ergonomic}
   size_t InitialHeapSize                          = 132120576                                 {product} {ergonomic}
   size_t MarkStackSize                            = 4194304                                   {product} {ergonomic}
   size_t MaxHeapSize                              = 2109734912                                {product} {ergonomic}
   size_t MaxNewSize                               = 1265631232                                {product} {ergonomic}
   size_t MinHeapDeltaBytes                        = 1048576                                   {product} {ergonomic}
   size_t MinHeapSize                              = 8388608                                   {product} {ergonomic}
    uintx NonNMethodCodeHeapSize                   = 5839372                                {pd product} {ergonomic}
    uintx NonProfiledCodeHeapSize                  = 122909434                              {pd product} {ergonomic}
    uintx ProfiledCodeHeapSize                     = 122909434                              {pd product} {ergonomic}
    uintx ReservedCodeCacheSize                    = 251658240                              {pd product} {ergonomic}
     bool SegmentedCodeCache                       = true                                      {product} {ergonomic}
   size_t SoftMaxHeapSize                          = 2109734912                             {manageable} {ergonomic}
     bool UseCompressedOops                        = true                           {product lp64_product} {ergonomic}
     bool UseG1GC                                  = true                                      {product} {ergonomic}
     bool UseLargePagesIndividualAllocation        = false                                  {pd product} {ergonomic}

Logging:
Log output configuration:
 #0: stdout all=warning uptime,level,tags foldmultilines=false
 #1: stderr all=off uptime,level,tags foldmultilines=false

Environment Variables:
PATH=C:\Program Files\Common Files\Oracle\Java\javapath;C:\Program Files (x86)\Intel\Intel(R) Management Engine Components\iCLS\;C:\Program Files\Intel\Intel(R) Management Engine Components\iCLS\;C:\Windows\system32;C:\Windows;C:\Windows\System32\Wbem;C:\Windows\System32\WindowsPowerShell\v1.0\;C:\Windows\System32\OpenSSH\;C:\Program Files (x86)\Intel\Intel(R) Management Engine Components\DAL;C:\Program Files\Intel\Intel(R) Management Engine Components\DAL;C:\Program Files\Intel\WiFi\bin\;C:\Program Files\Common Files\Intel\WirelessCommon\;C:\Program Files (x86)\NVIDIA Corporation\PhysX\Common;C:\Windows\system32;C:\Windows;C:\Windows\System32\Wbem;C:\Windows\System32\WindowsPowerShell\v1.0\;C:\Windows\System32\OpenSSH\;C:\Program Files\MySQL\MySQL Server 8.0\bin;C:\Program Files\Java\jdk-21\bin;C:\Program Files\PostgreSQL\14\bin;C:\Program Files\Git\cmd;C:\ProgramData\chocolatey\bin;C:\Program Files\nodejs\;C:\Program Files\Docker\Docker\resources\bin;C:\Users\sachi\AppData\Local\Programs\Python\Python313\Scripts\;C:\Users\sachi\AppData\Local\Programs\Python\Python313\;C:\Program Files\MySQL\MySQL Shell 8.0\bin\;C:\Users\sachi\AppData\Local\Microsoft\WindowsApps;C:\Program Files\JetBrains\IntelliJ IDEA Community Edition 2024.3.5\bin;;C:\Python313;C:\Python313\Scripts;C:\kafka\bin;C:\Users\sachi\AppData\Roaming\npm;D:\mingw64\bin;C:\Users\sachi\AppData\Local\Programs\Microsoft VS Code\bin
USERNAME=sachi
OS=Windows_NT
PROCESSOR_IDENTIFIER=Intel64 Family 6 Model 142 Stepping 11, GenuineIntel
TMP=E:\temp
TEMP=E:\temp




Periodic native trim disabled

---------------  S Y S T E M  ---------------

OS:
 Windows 11 , 64 bit Build 26100 (10.0.26100.6725)
OS uptime: 1 days 6:18 hours
Hyper-V role detected

CPU: total 8 (initial active 8) (4 cores per cpu, 2 threads per core) family 6 model 142 stepping 11 microcode 0xde, cx8, cmov, fxsr, ht, mmx, 3dnowpref, sse, sse2, sse3, ssse3, sse4.1, sse4.2, popcnt, lzcnt, tsc, tscinvbit, avx, avx2, aes, erms, clmul, bmi1, bmi2, adx, fma, vzeroupper, clflush, clflushopt, hv, rdtscp, f16c
Processor Information for all 8 processors :
  Max Mhz: 1800, Current Mhz: 1600, Mhz Limit: 1584

Memory: 4k page, system-wide physical 8042M (1199M free)
TotalPageFile size 32618M (AvailPageFile size 0M)
current process WorkingSet (physical memory assigned to process): 116M, peak: 420M
current process commit charge ("private bytes"): 545M, peak: 565M

vm_info: Java HotSpot(TM) 64-Bit Server VM (21.0.6+8-LTS-188) for windows-amd64 JRE (21.0.6+8-LTS-188), built on 2024-12-03T10:50:54Z by "mach5one" with MS VC++ 17.6 (VS2022)

END.
